Archive member included because of file (symbol)

d:/altera13.1/nios2eds/bin/gnu/h-i686-mingw32/bin/../lib/gcc/nios2-elf/4.7.3\libgcc.a(lib2-divmod.o)
                              obj/default/SEG7.o (__udivsi3)
d:/altera13.1/nios2eds/bin/gnu/h-i686-mingw32/bin/../lib/gcc/nios2-elf/4.7.3/../../../../../H-i686-mingw32/nios2-elf/lib\libc.a(lib_a-printf.o)
                              obj/default/debug.o (printf)
d:/altera13.1/nios2eds/bin/gnu/h-i686-mingw32/bin/../lib/gcc/nios2-elf/4.7.3/../../../../../H-i686-mingw32/nios2-elf/lib\libc.a(lib_a-puts.o)
                              obj/default/main.o (puts)
d:/altera13.1/nios2eds/bin/gnu/h-i686-mingw32/bin/../lib/gcc/nios2-elf/4.7.3/../../../../../H-i686-mingw32/nios2-elf/lib\libc.a(lib_a-sprintf.o)
                              obj/default/debug.o (sprintf)
d:/altera13.1/nios2eds/bin/gnu/h-i686-mingw32/bin/../lib/gcc/nios2-elf/4.7.3/../../../../../H-i686-mingw32/nios2-elf/lib\libc.a(lib_a-strlen.o)
                              d:/altera13.1/nios2eds/bin/gnu/h-i686-mingw32/bin/../lib/gcc/nios2-elf/4.7.3/../../../../../H-i686-mingw32/nios2-elf/lib\libc.a(lib_a-puts.o) (strlen)
d:/altera13.1/nios2eds/bin/gnu/h-i686-mingw32/bin/../lib/gcc/nios2-elf/4.7.3/../../../../../H-i686-mingw32/nios2-elf/lib\libc.a(lib_a-vfprintf.o)
                              d:/altera13.1/nios2eds/bin/gnu/h-i686-mingw32/bin/../lib/gcc/nios2-elf/4.7.3/../../../../../H-i686-mingw32/nios2-elf/lib\libc.a(lib_a-printf.o) (___vfprintf_internal_r)
d:/altera13.1/nios2eds/bin/gnu/h-i686-mingw32/bin/../lib/gcc/nios2-elf/4.7.3/../../../../../H-i686-mingw32/nios2-elf/lib\libc.a(lib_a-vsnprintf.o)
                              obj/default/debug.o (vsnprintf)
d:/altera13.1/nios2eds/bin/gnu/h-i686-mingw32/bin/../lib/gcc/nios2-elf/4.7.3/../../../../../H-i686-mingw32/nios2-elf/lib\libc.a(lib_a-wsetup.o)
                              d:/altera13.1/nios2eds/bin/gnu/h-i686-mingw32/bin/../lib/gcc/nios2-elf/4.7.3/../../../../../H-i686-mingw32/nios2-elf/lib\libc.a(lib_a-vfprintf.o) (__swsetup_r)
d:/altera13.1/nios2eds/bin/gnu/h-i686-mingw32/bin/../lib/gcc/nios2-elf/4.7.3/../../../../../H-i686-mingw32/nios2-elf/lib\libc.a(lib_a-dtoa.o)
                              d:/altera13.1/nios2eds/bin/gnu/h-i686-mingw32/bin/../lib/gcc/nios2-elf/4.7.3/../../../../../H-i686-mingw32/nios2-elf/lib\libc.a(lib_a-vfprintf.o) (_dtoa_r)
d:/altera13.1/nios2eds/bin/gnu/h-i686-mingw32/bin/../lib/gcc/nios2-elf/4.7.3/../../../../../H-i686-mingw32/nios2-elf/lib\libc.a(lib_a-fflush.o)
                              d:/altera13.1/nios2eds/bin/gnu/h-i686-mingw32/bin/../lib/gcc/nios2-elf/4.7.3/../../../../../H-i686-mingw32/nios2-elf/lib\libc.a(lib_a-vfprintf.o) (_fflush_r)
d:/altera13.1/nios2eds/bin/gnu/h-i686-mingw32/bin/../lib/gcc/nios2-elf/4.7.3/../../../../../H-i686-mingw32/nios2-elf/lib\libc.a(lib_a-findfp.o)
                              d:/altera13.1/nios2eds/bin/gnu/h-i686-mingw32/bin/../lib/gcc/nios2-elf/4.7.3/../../../../../H-i686-mingw32/nios2-elf/lib\libc.a(lib_a-vfprintf.o) (__sinit)
d:/altera13.1/nios2eds/bin/gnu/h-i686-mingw32/bin/../lib/gcc/nios2-elf/4.7.3/../../../../../H-i686-mingw32/nios2-elf/lib\libc.a(lib_a-freer.o)
                              d:/altera13.1/nios2eds/bin/gnu/h-i686-mingw32/bin/../lib/gcc/nios2-elf/4.7.3/../../../../../H-i686-mingw32/nios2-elf/lib\libc.a(lib_a-wsetup.o) (_free_r)
d:/altera13.1/nios2eds/bin/gnu/h-i686-mingw32/bin/../lib/gcc/nios2-elf/4.7.3/../../../../../H-i686-mingw32/nios2-elf/lib\libc.a(lib_a-fvwrite.o)
                              d:/altera13.1/nios2eds/bin/gnu/h-i686-mingw32/bin/../lib/gcc/nios2-elf/4.7.3/../../../../../H-i686-mingw32/nios2-elf/lib\libc.a(lib_a-puts.o) (__sfvwrite_r)
d:/altera13.1/nios2eds/bin/gnu/h-i686-mingw32/bin/../lib/gcc/nios2-elf/4.7.3/../../../../../H-i686-mingw32/nios2-elf/lib\libc.a(lib_a-fwalk.o)
                              d:/altera13.1/nios2eds/bin/gnu/h-i686-mingw32/bin/../lib/gcc/nios2-elf/4.7.3/../../../../../H-i686-mingw32/nios2-elf/lib\libc.a(lib_a-findfp.o) (_fwalk)
d:/altera13.1/nios2eds/bin/gnu/h-i686-mingw32/bin/../lib/gcc/nios2-elf/4.7.3/../../../../../H-i686-mingw32/nios2-elf/lib\libc.a(lib_a-impure.o)
                              d:/altera13.1/nios2eds/bin/gnu/h-i686-mingw32/bin/../lib/gcc/nios2-elf/4.7.3/../../../../../H-i686-mingw32/nios2-elf/lib\libc.a(lib_a-fflush.o) (_global_impure_ptr)
d:/altera13.1/nios2eds/bin/gnu/h-i686-mingw32/bin/../lib/gcc/nios2-elf/4.7.3/../../../../../H-i686-mingw32/nios2-elf/lib\libc.a(lib_a-locale.o)
                              d:/altera13.1/nios2eds/bin/gnu/h-i686-mingw32/bin/../lib/gcc/nios2-elf/4.7.3/../../../../../H-i686-mingw32/nios2-elf/lib\libc.a(lib_a-vfprintf.o) (_localeconv_r)
d:/altera13.1/nios2eds/bin/gnu/h-i686-mingw32/bin/../lib/gcc/nios2-elf/4.7.3/../../../../../H-i686-mingw32/nios2-elf/lib\libc.a(lib_a-makebuf.o)
[...]
Memory Configuration

Name             Origin             Length             Attributes
sdram            0x00000000         0x04000000
reset            0x05080000         0x00000020
onchip_memory2   0x05080020         0x0004e1e0
*default*        0x00000000         0xffffffff

Linker script and memory map

LOAD ../DE1_SoC_Audio_bsp//obj/HAL/src/crt0.o
LOAD obj/default/AUDIO.o
LOAD obj/default/I2C.o
LOAD obj/default/LED.o
LOAD obj/default/SEG7.o
LOAD obj/default/debug.o
LOAD obj/default/main.o
LOAD d:/altera13.1/nios2eds/bin/gnu/h-i686-mingw32/bin/../lib/gcc/nios2-elf/4.7.3/../../../../../H-i686-mingw32/nios2-elf/lib\libstdc++.a
LOAD d:/altera13.1/nios2eds/bin/gnu/h-i686-mingw32/bin/../lib/gcc/nios2-elf/4.7.3/../../../../../H-i686-mingw32/nios2-elf/lib\libm.a
LOAD d:/altera13.1/nios2eds/bin/gnu/h-i686-mingw32/bin/../lib/gcc/nios2-elf/4.7.3\libgcc.a
START GROUP
LOAD d:/altera13.1/nios2eds/bin/gnu/h-i686-mingw32/bin/../lib/gcc/nios2-elf/4.7.3/../../../../../H-i686-mingw32/nios2-elf/lib\libc.a
LOAD d:/altera13.1/nios2eds/bin/gnu/h-i686-mingw32/bin/../lib/gcc/nios2-elf/4.7.3\libgcc.a
LOAD ../DE1_SoC_Audio_bsp/\libhal_bsp.a
END GROUP
LOAD d:/altera13.1/nios2eds/bin/gnu/h-i686-mingw32/bin/../lib/gcc/nios2-elf/4.7.3\libgcc.a
                0x00000000                __alt_mem_sdram = 0x0
                0x05080000                __alt_mem_onchip_memory2 = 0x5080000

.entry          0x05080000       0x20
 *(.entry)
 .entry         0x05080000       0x20 ../DE1_SoC_Audio_bsp//obj/HAL/src/crt0.o
                0x05080000                __reset

.exceptions     0x05080020      0x198
                0x05080020                PROVIDE (__ram_exceptions_start, ABSOLUTE (.))
                0x05080020                . = ALIGN (0x20)
 *(.irq)
 *(.exceptions.entry.label)
 .exceptions.entry.label
                0x05080020        0x0 ../DE1_SoC_Audio_bsp/\libhal_bsp.a(alt_irq_entry.o)
                0x05080020                alt_irq_entry
 .exceptions.entry.label
                0x05080020        0x0 ../DE1_SoC_Audio_bsp/\libhal_bsp.a(alt_exception_entry.o)
                0x05080020                alt_exception
 *(.exceptions.entry.user)
 *(.exceptions.entry.ecc_fatal)
 *(.exceptions.entry)
 .exceptions.entry
                0x05080020       0x54 ../DE1_SoC_Audio_bsp/\libhal_bsp.a(alt_exception_entry.o)
 *(.exceptions.irqtest.user)
 *(.exceptions.irqtest)
 .exceptions.irqtest
                0x05080074       0x10 ../DE1_SoC_Audio_bsp/\libhal_bsp.a(alt_irq_entry.o)
 *(.exceptions.irqhandler.user)
 *(.exceptions.irqhandler)
 .exceptions.irqhandler
                0x05080084        0x4 ../DE1_SoC_Audio_bsp/\libhal_bsp.a(alt_irq_entry.o)
 *(.exceptions.irqreturn.user)
 *(.exceptions.irqreturn)
 .exceptions.irqreturn
                0x05080088        0x4 ../DE1_SoC_Audio_bsp/\libhal_bsp.a(alt_irq_entry.o)
 *(.exceptions.notirq.label)
 .exceptions.notirq.label
                0x0508008c        0x0 ../DE1_SoC_Audio_bsp/\libhal_bsp.a(alt_irq_entry.o)
 *(.exceptions.notirq.user)
 *(.exceptions.notirq)
 .exceptions.notirq
                0x0508008c        0x8 ../DE1_SoC_Audio_bsp/\libhal_bsp.a(alt_exception_entry.o)
 *(.exceptions.soft.user)
 *(.exceptions.soft)
 *(.exceptions.unknown.user)
 *(.exceptions.unknown)
 .exceptions.unknown
                0x05080094        0x4 ../DE1_SoC_Audio_bsp/\libhal_bsp.a(alt_exception_entry.o)
 *(.exceptions.exit.label)
 .exceptions.exit.label
                0x05080098        0x0 ../DE1_SoC_Audio_bsp/\libhal_bsp.a(alt_irq_entry.o)
 .exceptions.exit.label
                0x05080098        0x0 ../DE1_SoC_Audio_bsp/\libhal_bsp.a(alt_exception_entry.o)
 *(.exceptions.exit.user)
 *(.exceptions.exit)
 .exceptions.exit
                0x05080098       0x54 ../DE1_SoC_Audio_bsp/\libhal_bsp.a(alt_exception_entry.o)
 *(.exceptions)
 .exceptions    0x050800ec       0xcc ../DE1_SoC_Audio_bsp/\libhal_bsp.a(alt_irq_handler.o)
                0x050800ec                alt_irq_handler
                0x050801b8                PROVIDE (__ram_exceptions_end, ABSOLUTE (.))
                0x05080020                PROVIDE (__flash_exceptions_start, LOADADDR (.exceptions))

.text           0x050801b8     0xe490
                0x050801b8                PROVIDE (stext, ABSOLUTE (.))
 *(.interp)
 *(.hash)
 *(.dynsym)
 *(.dynstr)
 *(.gnu.version)
 *(.gnu.version_d)
 *(.gnu.version_r)
 *(.rel.init)
 *(.rela.init)
 *(.rel.text .rel.text.* .rel.gnu.linkonce.t.*)
 *(.rela.text .rela.text.* .rela.gnu.linkonce.t.*)
 *(.rel.fini)
 *(.rela.fini)
 *(.rel.rodata .rel.rodata.* .rel.gnu.linkonce.r.*)
 *(.rela.rodata .rela.rodata.* .rela.gnu.linkonce.r.*)
 *(.rel.data .rel.data.* .rel.gnu.linkonce.d.*)
 *(.rela.data .rela.data.* .rela.gnu.linkonce.d.*)
 *(.rel.tdata .rel.tdata.* .rel.gnu.linkonce.td.*)
 *(.rela.tdata .rela.tdata.* .rela.gnu.linkonce.td.*)
 *(.rel.tbss .rel.tbss.* .rel.gnu.linkonce.tb.*)
 *(.rela.tbss .rela.tbss.* .rela.gnu.linkonce.tb.*)
 *(.rel.ctors)
 *(.rela.ctors)
 *(.rel.dtors)
 *(.rela.dtors)
 *(.rel.got)
 *(.rela.got)
 *(.rel.sdata .rel.sdata.* .rel.gnu.linkonce.s.*)
 *(.rela.sdata .rela.sdata.* .rela.gnu.linkonce.s.*)
 *(.rel.sbss .rel.sbss.* .rel.gnu.linkonce.sb.*)
 *(.rela.sbss .rela.sbss.* .rela.gnu.linkonce.sb.*)
 *(.rel.sdata2 .rel.sdata2.* .rel.gnu.linkonce.s2.*)
 *(.rela.sdata2 .rela.sdata2.* .rela.gnu.linkonce.s2.*)
 *(.rel.sbss2 .rel.sbss2.* .rel.gnu.linkonce.sb2.*)
 *(.rela.sbss2 .rela.sbss2.* .rela.gnu.linkonce.sb2.*)
 *(.rel.bss .rel.bss.* .rel.gnu.linkonce.b.*)
 *(.rela.bss .rela.bss.* .rela.gnu.linkonce.b.*)
 *(.rel.plt)
 *(.rela.plt)
 *(.rel.dyn)
 *(.init)
 *(.plt)
 *(.text .stub .text.* .gnu.linkonce.t.*)
 .text          0x050801b8       0x4c ../DE1_SoC_Audio_bsp//obj/HAL/src/crt0.o
                0x050801b8                _start
 .text          0x05080204      0xd30 obj/default/AUDIO.o
                0x05080204                AUDIO_Init
                0x0508038c                AUDIO_InterfaceActive
                0x050803d4                AUDIO_MicBoost
                0x0508044c                AUDIO_AdcEnableHighPassFilter
                0x050804c4                AUDIO_DacDeemphasisControl
                0x05080574                AUDIO_DacEnableZeroCross
                0x05080654                AUDIO_DacEnableSoftMute
                0x050806e0                AUDIO_MicMute
                0x0508076c                AUDIO_LineInMute
                0x0508084c                AUDIO_SetInputSource
                0x050808dc                AUDIO_SetSampleRate
                0x050809c4                AUDIO_SetLineInVol
                0x05080ad4                AUDIO_SetLineOutVol
                0x05080be4                AUDIO_EnableByPass
                0x05080c70                AUDIO_EnableSiteTone
                0x05080cfc                aduio_RegWrite
                0x05080df0                AUDIO_DacFifoNotFull
                0x05080e2c                AUDIO_DacFifoSetData
                0x05080e78                AUDIO_AdcFifoNotEmpty
                0x05080eb4                AUDIO_AdcFifoGetData
                0x05080f08                AUDIO_FifoClear
 .text          0x05080f34      0x70c obj/default/I2C.o
                0x05080f34                I2C_Write
                0x05081030                I2C_Read
                0x05081154                I2C_MultipleRead
                0x050812d0                i2c_start
                0x05081354                i2c_stop
                0x050813c4                i2c_write
                0x050814f0                i2c_read
 .text          0x05081640      0x100 obj/default/LED.o
                0x05081640                LED_Display
                0x05081678                LED_AllOn
                0x050816a4                LED_AllOff
                0x050816d0                LED_LightCount
 .text          0x05081740      0x2d8 obj/default/SEG7.o
                0x05081740                SEG7_Clear
                0x0508179c                SEG7_Full
                0x050817f8                SEG7_Number
                0x05081868                SEG7_Hex
                0x05081934                SEG7_Decimal
 .text          0x05081a18      0x1b0 obj/default/debug.o
                0x05081a18                debug_output
                0x05081a48                myprintf
                0x05081ab4                myprintf_hex_array
                0x05081b3c                myprintf_dword_array
 .text          0x05081bc8      0xae0 obj/default/main.o
                0x05081bc8                ui_is_mic_record
                0x05081c04                ui_is_mic_boost
                0x05081c40                ui_is_dac_zero_cross
                0x05081c7c                ui_get_sample_rate
                0x05081d24                button_monitor_isr
                0x05081d84                button_monitor_start
                0x05081e08                init_audio
                0x05081f90                display_time_elapsed
                0x05081fe0                show_power
                0x05082074                init
                0x050820cc                dump_record_data
                0x050821dc                show_menu
                0x0508223c                main
 .text          0x050826a8      0x130 d:/altera13.1/nios2eds/bin/gnu/h-i686-mingw32/bin/../lib/gcc/nios2-elf/4.7.3\libgcc.a(lib2-divmod.o)
                0x0508271c                __divsi3
                0x0508276c                __modsi3
                0x050827c8                __udivsi3
                0x050827d0                __umodsi3
 .text          0x050827d8       0x68 d:/altera13.1/nios2eds/bin/gnu/h-i686-mingw32/bin/../lib/gcc/nios2-elf/4.7.3/../../../../../H-i686-mingw32/nios2-elf/lib\libc.a(lib_a-printf.o)
                0x050827d8                _printf_r
                0x05082804                printf
 .text          0x05082840       0x98 d:/altera13.1/nios2eds/bin/gnu/h-i686-mingw32/bin/../lib/gcc/nios2-elf/4.7.3/../../../../../H-i686-mingw32/nios2-elf/lib\libc.a(lib_a-puts.o)
                0x05082840                _puts_r
                0x050828c4                puts
 .text          0x050828d8       0xc4 d:/altera13.1/nios2eds/bin/gnu/h-i686-mingw32/bin/../lib/gcc/nios2-elf/4.7.3/../../../../../H-i686-mingw32/nios2-elf/lib\libc.a(lib_a-sprintf.o)
                0x050828d8                _sprintf_r
                0x05082930                sprintf
 .text          0x0508299c       0x8c d:/altera13.1/nios2eds/bin/gnu/h-i686-mingw32/bin/../lib/gcc/nios2-elf/4.7.3/../../../../../H-i686-mingw32/nios2-elf/lib\libc.a(lib_a-strlen.o)
                0x0508299c                strlen
 .text          0x05082a28     0x1e50 d:/altera13.1/nios2eds/bin/gnu/h-i686-mingw32/bin/../lib/gcc/nios2-elf/4.7.3/../../../../../H-i686-mingw32/nios2-elf/lib\libc.a(lib_a-vfprintf.o)
                0x05082a5c                ___vfprintf_internal_r
                0x05084854                __vfprintf_internal
 .text          0x05084878       0xec d:/altera13.1/nios2eds/bin/gnu/h-i686-mingw32/bin/../lib/gcc/nios2-elf/4.7.3/../../../../../H-i686-mingw32/nios2-elf/lib\libc.a(lib_a-vsnprintf.o)
                0x05084878                _vsnprintf_r
                0x05084924                vsnprintf
 .text          0x05084964      0x174 d:/altera13.1/nios2eds/bin/gnu/h-i686-mingw32/bin/../lib/gcc/nios2-elf/4.7.3/../../../../../H-i686-mingw32/nios2-elf/lib\libc.a(lib_a-wsetup.o)
                0x05084964                __swsetup_r
 .text          0x05084ad8     0x1824 d:/altera13.1/nios2eds/bin/gnu/h-i686-mingw32/bin/../lib/gcc/nios2-elf/4.7.3/../../../../../H-i686-mingw32/nios2-elf/lib\libc.a(lib_a-dtoa.o)
                0x05084ce0                _dtoa_r
 .text          0x050862fc      0x218 d:/altera13.1/nios2eds/bin/gnu/h-i686-mingw32/bin/../lib/gcc/nios2-elf/4.7.3/../../../../../H-i686-mingw32/nios2-elf/lib\libc.a(lib_a-fflush.o)
                0x050862fc                _fflush_r
                0x050864e4                fflush
 .text          0x05086514      0x2d8 d:/altera13.1/nios2eds/bin/gnu/h-i686-mingw32/bin/../lib/gcc/nios2-elf/4.7.3/../../../../../H-i686-mingw32/nios2-elf/lib\libc.a(lib_a-findfp.o)
                0x05086524                _cleanup_r
                0x05086530                __sfmoreglue
                0x05086594                _cleanup
                0x050865a4                __sinit
                0x050866b0                __sfp
                0x050867ac                __sfp_lock_acquire
                0x050867b0                __sfp_lock_release
                0x050867b4                __sinit_lock_acquire
                0x050867b8                __sinit_lock_release
                0x050867bc                __fp_lock_all
                0x050867d4                __fp_unlock_all
 .text          0x050867ec      0x40c d:/altera13.1/nios2eds/bin/gnu/h-i686-mingw32/bin/../lib/gcc/nios2-elf/4.7.3/../../../../../H-i686-mingw32/nios2-elf/lib\libc.a(lib_a-freer.o)
                0x050867ec                _malloc_trim_r
                0x05086928                _free_r
 .text          0x05086bf8      0x4e4 d:/altera13.1/nios2eds/bin/gnu/h-i686-mingw32/bin/../lib/gcc/nios2-elf/4.7.3/../../../../../H-i686-mingw32/nios2-elf/lib\libc.a(lib_a-fvwrite.o)
                0x05086bf8                __sfvwrite_r
 .text          0x050870dc      0x160 d:/altera13.1/nios2eds/bin/gnu/h-i686-mingw32/bin/../lib/gcc/nios2-elf/4.7.3/../../../../../H-i686-mingw32/nios2-elf/lib\libc.a(lib_a-fwalk.o)
                0x050870dc                _fwalk
                0x05087184                _fwalk_reent
 .text          0x0508723c        0x0 d:/altera13.1/nios2eds/bin/gnu/h-i686-mingw32/bin/../lib/gcc/nios2-elf/4.7.3/../../../../../H-i686-mingw32/nios2-elf/lib\libc.a(lib_a-impure.o)
 .text          0x0508723c       0xdc d:/altera13.1/nios2eds/bin/gnu/h-i686-mingw32/bin/../lib/gcc/nios2-elf/4.7.3/../../../../../H-i686-mingw32/nios2-elf/lib\libc.a(lib_a-locale.o)
                0x0508723c                _setlocale_r
                0x050872d8                __locale_charset
                0x050872e4                _localeconv_r
                0x050872f0                setlocale
                0x0508730c                localeconv
 .text          0x05087318      0x1a8 d:/altera13.1/nios2eds/bin/gnu/h-i686-mingw32/bin/../lib/gcc/nios2-elf/4.7.3/../../../../../H-i686-mingw32/nios2-elf/lib\libc.a(lib_a-makebuf.o)
                0x05087318                __smakebuf_r
 .text          0x050874c0      0x784 d:/altera13.1/nios2eds/bin/gnu/h-i686-mingw32/bin/../lib/gcc/nios2-elf/4.7.3/../../../../../H-i686-mingw32/nios2-elf/lib\libc.a(lib_a-mallocr.o)
                0x050874c0                _malloc_r
 .text          0x05087c44       0xf8 d:/altera13.1/nios2eds/bin/gnu/h-i686-mingw32/bin/../lib/gcc/nios2-elf/4.7.3/../../../../../H-i686-mingw32/nios2-elf/lib\libc.a(lib_a-memchr.o)
                0x05087c44                memchr
 .text          0x05087d3c       0xf8 d:/altera13.1/nios2eds/bin/gnu/h-i686-mingw32/bin/../lib/gcc/nios2-elf/4.7.3/../../../../../H-i686-mingw32/nios2-elf/lib\libc.a(lib_a-memcpy.o)
                0x05087d3c                memcpy
 .text          0x05087e34      0x128 d:/altera13.1/nios2eds/bin/gnu/h-i686-mingw32/bin/../lib/gcc/nios2-elf/4.7.3/../../../../../H-i686-mingw32/nios2-elf/lib\libc.a(lib_a-memmove.o)
                0x05087e34                memmove
 .text          0x05087f5c       0xdc d:/altera13.1/nios2eds/bin/gnu/h-i686-mingw32/bin/../lib/gcc/nios2-elf/4.7.3/../../../../../H-i686-mingw32/nios2-elf/lib\libc.a(lib_a-memset.o)
                0x05087f5c                memset
 .text          0x05088038      0xfa8 d:/altera13.1/nios2eds/bin/gnu/h-i686-mingw32/bin/../lib/gcc/nios2-elf/4.7.3/../../../../../H-i686-mingw32/nios2-elf/lib\libc.a(lib_a-mprec.o)
                0x05088038                _Balloc
                0x050880e0                _Bfree
                0x05088108                __multadd
                0x0508821c                __s2b
                0x05088320                __hi0bits
                0x05088388                __lo0bits
                0x05088438                __i2b
                0x05088474                __multiply
                0x05088654                __pow5mult
                0x05088780                __lshift
                0x050888dc                __mcmp
                0x05088934                __mdiff
                0x05088adc                __ulp
                0x05088b3c                __b2d
                0x05088c84                __d2b
                0x05088dc8                __ratio
                0x05088e6c                _mprec_log10
                0x05088ee0                __copybits
                0x05088f5c                __any_on
 .text          0x05088fe0      0x5fc d:/altera13.1/nios2eds/bin/gnu/h-i686-mingw32/bin/../lib/gcc/nios2-elf/4.7.3/../../../../../H-i686-mingw32/nios2-elf/lib\libc.a(lib_a-reallocr.o)
                0x05088fe0                _realloc_r
 .text          0x050895dc       0x38 d:/altera13.1/nios2eds/bin/gnu/h-i686-mingw32/bin/../lib/gcc/nios2-elf/4.7.3/../../../../../H-i686-mingw32/nios2-elf/lib\libc.a(lib_a-s_isinfd.o)
                0x050895dc                __isinfd
 .text          0x05089614       0x2c d:/altera13.1/nios2eds/bin/gnu/h-i686-mingw32/bin/../lib/gcc/nios2-elf/4.7.3/../../../../../H-i686-mingw32/nios2-elf/lib\libc.a(lib_a-s_isnand.o)
                0x05089614                __isnand
 .text          0x05089640       0x64 d:/altera13.1/nios2eds/bin/gnu/h-i686-mingw32/bin/../lib/gcc/nios2-elf/4.7.3/../../../../../H-i686-mingw32/nios2-elf/lib\libc.a(lib_a-sbrkr.o)
                0x05089640                _sbrk_r
 .text          0x050896a4      0x140 d:/altera13.1/nios2eds/bin/gnu/h-i686-mingw32/bin/../lib/gcc/nios2-elf/4.7.3/../../../../../H-i686-mingw32/nios2-elf/lib\libc.a(lib_a-stdio.o)
                0x050896a4                __sread
                0x050896f8                __swrite
                0x05089780                __sseek
                0x050897dc                __sclose
 .text          0x050897e4       0xa4 d:/altera13.1/nios2eds/bin/gnu/h-i686-mingw32/bin/../lib/gcc/nios2-elf/4.7.3/../../../../../H-i686-mingw32/nios2-elf/lib\libc.a(lib_a-strcmp.o)
                0x050897e4                strcmp
 .text          0x05089888       0x6c d:/altera13.1/nios2eds/bin/gnu/h-i686-mingw32/bin/../lib/gcc/nios2-elf/4.7.3/../../../../../H-i686-mingw32/nios2-elf/lib\libc.a(lib_a-writer.o)
                0x05089888                _write_r
 .text          0x050898f4       0xbc d:/altera13.1/nios2eds/bin/gnu/h-i686-mingw32/bin/../lib/gcc/nios2-elf/4.7.3/../../../../../H-i686-mingw32/nios2-elf/lib\libc.a(lib_a-callocr.o)
                0x050898f4                _calloc_r
 .text          0x050899b0       0x64 d:/altera13.1/nios2eds/bin/gnu/h-i686-mingw32/bin/../lib/gcc/nios2-elf/4.7.3/../../../../../H-i686-mingw32/nios2-elf/lib\libc.a(lib_a-closer.o)
                0x050899b0                _close_r
 .text          0x05089a14      0x150 d:/altera13.1/nios2eds/bin/gnu/h-i686-mingw32/bin/../lib/gcc/nios2-elf/4.7.3/../../../../../H-i686-mingw32/nios2-elf/lib\libc.a(lib_a-fclose.o)
                0x05089a14                _fclose_r
                0x05089b50                fclose
 .text          0x05089b64       0x68 d:/altera13.1/nios2eds/bin/gnu/h-i686-mingw32/bin/../lib/gcc/nios2-elf/4.7.3/../../../../../H-i686-mingw32/nios2-elf/lib\libc.a(lib_a-fstatr.o)
                0x05089b64                _fstat_r
 .text          0x05089bcc        0x0 d:/altera13.1/nios2eds/bin/gnu/h-i686-mingw32/bin/../lib/gcc/nios2-elf/4.7.3/../../../../../H-i686-mingw32/nios2-elf/lib\libc.a(lib_a-int_errno.o)
 .text          0x05089bcc       0x64 d:/altera13.1/nios2eds/bin/gnu/h-i686-mingw32/bin/../lib/gcc/nios2-elf/4.7.3/../../../../../H-i686-mingw32/nios2-elf/lib\libc.a(lib_a-isattyr.o)
                0x05089bcc                _isatty_r
 .text          0x05089c30       0x6c d:/altera13.1/nios2eds/bin/gnu/h-i686-mingw32/bin/../lib/gcc/nios2-elf/4.7.3/../../../../../H-i686-mingw32/nios2-elf/lib\libc.a(lib_a-lseekr.o)
                0x05089c30                _lseek_r
 .text          0x05089c9c       0x6c d:/altera13.1/nios2eds/bin/gnu/h-i686-mingw32/bin/../lib/gcc/nios2-elf/4.7.3/../../../../../H-i686-mingw32/nios2-elf/lib\libc.a(lib_a-readr.o)
                0x05089c9c                _read_r
 .text          0x05089d08      0x5c8 d:/altera13.1/nios2eds/bin/gnu/h-i686-mingw32/bin/../lib/gcc/nios2-elf/4.7.3\libgcc.a(_udivdi3.o)
                0x05089d08                __udivdi3
 .text          0x0508a2d0      0x58c d:/altera13.1/nios2eds/bin/gnu/h-i686-mingw32/bin/../lib/gcc/nios2-elf/4.7.3\libgcc.a(_umoddi3.o)
                0x0508a2d0                __umoddi3
 .text          0x0508a85c      0x408 d:/altera13.1/nios2eds/bin/gnu/h-i686-mingw32/bin/../lib/gcc/nios2-elf/4.7.3\libgcc.a(_addsub_df.o)
                0x0508abb0                __adddf3
                0x0508ac04                __subdf3
 .text          0x0508ac64      0x2e4 d:/altera13.1/nios2eds/bin/gnu/h-i686-mingw32/bin/../lib/gcc/nios2-elf/4.7.3\libgcc.a(_mul_df.o)
                0x0508ac64                __muldf3
 .text          0x0508af48      0x1b4 d:/altera13.1/nios2eds/bin/gnu/h-i686-mingw32/bin/../lib/gcc/nios2-elf/4.7.3\libgcc.a(_div_df.o)
                0x0508af48                __divdf3
 .text          0x0508b0fc       0x5c d:/altera13.1/nios2eds/bin/gnu/h-i686-mingw32/bin/../lib/gcc/nios2-elf/4.7.3\libgcc.a(_eq_df.o)
                0x0508b0fc                __eqdf2
 .text          0x0508b158       0x5c d:/altera13.1/nios2eds/bin/gnu/h-i686-mingw32/bin/../lib/gcc/nios2-elf/4.7.3\libgcc.a(_ne_df.o)
                0x0508b158                __nedf2
 .text          0x0508b1b4       0x64 d:/altera13.1/nios2eds/bin/gnu/h-i686-mingw32/bin/../lib/gcc/nios2-elf/4.7.3\libgcc.a(_gt_df.o)
                0x0508b1b4                __gtdf2
 .text          0x0508b218       0x64 d:/altera13.1/nios2eds/bin/gnu/h-i686-mingw32/bin/../lib/gcc/nios2-elf/4.7.3\libgcc.a(_ge_df.o)
                0x0508b218                __gedf2
 .text          0x0508b27c       0x5c d:/altera13.1/nios2eds/bin/gnu/h-i686-mingw32/bin/../lib/gcc/nios2-elf/4.7.3\libgcc.a(_lt_df.o)
                0x0508b27c                __ltdf2
 .text          0x0508b2d8       0xd4 d:/altera13.1/nios2eds/bin/gnu/h-i686-mingw32/bin/../lib/gcc/nios2-elf/4.7.3\libgcc.a(_si_to_df.o)
                0x0508b2d8                __floatsidf
 .text          0x0508b3ac       0xd4 d:/altera13.1/nios2eds/bin/gnu/h-i686-mingw32/bin/../lib/gcc/nios2-elf/4.7.3\libgcc.a(_df_to_si.o)
                0x0508b3ac                __fixdfsi
 .text          0x0508b480        0x0 d:/altera13.1/nios2eds/bin/gnu/h-i686-mingw32/bin/../lib/gcc/nios2-elf/4.7.3\libgcc.a(_thenan_df.o)
 .text          0x0508b480      0x11c d:/altera13.1/nios2eds/bin/gnu/h-i686-mingw32/bin/../lib/gcc/nios2-elf/4.7.3\libgcc.a(_usi_to_df.o)
                0x0508b480                __floatunsidf
 .text          0x0508b59c       0x60 d:/altera13.1/nios2eds/bin/gnu/h-i686-mingw32/bin/../lib/gcc/nios2-elf/4.7.3\libgcc.a(_muldi3.o)
                0x0508b59c                __muldi3
 .text          0x0508b5fc        0x0 d:/altera13.1/nios2eds/bin/gnu/h-i686-mingw32/bin/../lib/gcc/nios2-elf/4.7.3\libgcc.a(_clz.o)
 .text          0x0508b5fc       0xac d:/altera13.1/nios2eds/bin/gnu/h-i686-mingw32/bin/../lib/gcc/nios2-elf/4.7.3\libgcc.a(_clzsi2.o)
                0x0508b5fc                __clzsi2
 .text          0x0508b6a8      0x224 d:/altera13.1/nios2eds/bin/gnu/h-i686-mingw32/bin/../lib/gcc/nios2-elf/4.7.3\libgcc.a(_pack_df.o)
                0x0508b6a8                __pack_d
 .text          0x0508b8cc      0x104 d:/altera13.1/nios2eds/bin/gnu/h-i686-mingw32/bin/../lib/gcc/nios2-elf/4.7.3\libgcc.a(_unpack_df.o)
                0x0508b8cc                __unpack_d
 .text          0x0508b9d0       0xd0 d:/altera13.1/nios2eds/bin/gnu/h-i686-mingw32/bin/../lib/gcc/nios2-elf/4.7.3\libgcc.a(_fpcmp_parts_df.o)
                0x0508b9d0                __fpcmp_parts_d
 .text          0x0508baa0       0x44 d:/altera13.1/nios2eds/bin/gnu/h-i686-mingw32/bin/../lib/gcc/nios2-elf/4.7.3\libgcc.a(_lshrdi3.o)
                0x0508baa0                __lshrdi3
 .text          0x0508bae4       0x44 d:/altera13.1/nios2eds/bin/gnu/h-i686-mingw32/bin/../lib/gcc/nios2-elf/4.7.3\libgcc.a(_ashldi3.o)
                0x0508bae4                __ashldi3
 .text          0x0508bb28      0x118 ../DE1_SoC_Audio_bsp/\libhal_bsp.a(alt_close.o)
                0x0508bb78                close
 .text          0x0508bc40       0x2c ../DE1_SoC_Audio_bsp/\libhal_bsp.a(alt_dev.o)
 .text          0x0508bc6c        0x0 ../DE1_SoC_Audio_bsp/\libhal_bsp.a(alt_errno.o)
 .text          0x0508bc6c       0xfc ../DE1_SoC_Audio_bsp/\libhal_bsp.a(alt_fstat.o)
                0x0508bcbc                fstat
 .text          0x0508bd68      0x1b0 ../DE1_SoC_Audio_bsp/\libhal_bsp.a(alt_irq_register.o)
                0x0508bd68                alt_irq_register
 .text          0x0508bf18        0x0 ../DE1_SoC_Audio_bsp/\libhal_bsp.a(alt_irq_vars.o)
 .text          0x0508bf18       0xf0 ../DE1_SoC_Audio_bsp/\libhal_bsp.a(alt_isatty.o)
                0x0508bf68                isatty
 .text          0x0508c008       0xec ../DE1_SoC_Audio_bsp/\libhal_bsp.a(alt_load.o)
                0x0508c074                alt_load
 .text          0x0508c0f4      0x120 ../DE1_SoC_Audio_bsp/\libhal_bsp.a(alt_lseek.o)
                0x0508c144                lseek
 .text          0x0508c214       0x78 ../DE1_SoC_Audio_bsp/\libhal_bsp.a(alt_main.o)
                0x0508c214                alt_main
 .text          0x0508c28c       0x40 ../DE1_SoC_Audio_bsp/\libhal_bsp.a(alt_malloc_lock.o)
                0x0508c28c                __malloc_lock
                0x0508c2ac                __malloc_unlock
 .text          0x0508c2cc      0x140 ../DE1_SoC_Audio_bsp/\libhal_bsp.a(alt_read.o)
                0x0508c31c                read
 .text          0x0508c40c       0x60 ../DE1_SoC_Audio_bsp/\libhal_bsp.a(alt_release_fd.o)
                0x0508c40c                alt_release_fd
 .text          0x0508c46c       0xb0 ../DE1_SoC_Audio_bsp/\libhal_bsp.a(alt_sbrk.o)
                0x0508c46c                sbrk
 .text          0x0508c51c       0x30 ../DE1_SoC_Audio_bsp/\libhal_bsp.a(alt_usleep.o)
                0x0508c51c                usleep
 .text          0x0508c54c      0x13c ../DE1_SoC_Audio_bsp/\libhal_bsp.a(alt_write.o)
                0x0508c59c                write
 .text          0x0508c688       0xcc ../DE1_SoC_Audio_bsp/\libhal_bsp.a(alt_sys_init.o)
                0x0508c6c0                alt_irq_init
                0x0508c6f4                alt_sys_init
 .text          0x0508c754      0x164 ../DE1_SoC_Audio_bsp/\libhal_bsp.a(altera_avalon_jtag_uart_fd.o)
                0x0508c754                altera_avalon_jtag_uart_read_fd
                0x0508c7b4                altera_avalon_jtag_uart_write_fd
                0x0508c814                altera_avalon_jtag_uart_close_fd
                0x0508c864                altera_avalon_jtag_uart_ioctl_fd
 .text          0x0508c8b8      0x3d0 ../DE1_SoC_Audio_bsp/\libhal_bsp.a(altera_avalon_jtag_uart_init.o)
                0x0508c8b8                altera_avalon_jtag_uart_init
                0x0508cc20                altera_avalon_jtag_uart_close
 .text          0x0508cc88       0xf4 ../DE1_SoC_Audio_bsp/\libhal_bsp.a(altera_avalon_jtag_uart_ioctl.o)
                0x0508cc88                altera_avalon_jtag_uart_ioctl
 .text          0x0508cd7c      0x218 ../DE1_SoC_Audio_bsp/\libhal_bsp.a(altera_avalon_jtag_uart_read.o)
                0x0508cd7c                altera_avalon_jtag_uart_read
 .text          0x0508cf94      0x224 ../DE1_SoC_Audio_bsp/\libhal_bsp.a(altera_avalon_jtag_uart_write.o)
                0x0508cf94                altera_avalon_jtag_uart_write
 .text          0x0508d1b8       0xfc ../DE1_SoC_Audio_bsp/\libhal_bsp.a(altera_avalon_timer_sc.o)
                0x0508d22c                alt_avalon_timer_sc_init
 .text          0x0508d2b4      0x140 ../DE1_SoC_Audio_bsp/\libhal_bsp.a(alt_alarm_start.o)
                0x0508d2b4                alt_alarm_start
 .text          0x0508d3f4      0x154 ../DE1_SoC_Audio_bsp/\libhal_bsp.a(alt_busy_sleep.o)
                0x0508d3f4                alt_busy_sleep
 .text          0x0508d548       0x44 ../DE1_SoC_Audio_bsp/\libhal_bsp.a(alt_dcache_flush_all.o)
                0x0508d548                alt_dcache_flush_all
 .text          0x0508d58c       0xf0 ../DE1_SoC_Audio_bsp/\libhal_bsp.a(alt_dev_llist_insert.o)
                0x0508d5dc                alt_dev_llist_insert
 .text          0x0508d67c       0x5c ../DE1_SoC_Audio_bsp/\libhal_bsp.a(alt_do_ctors.o)
                0x0508d67c                _do_ctors
 .text          0x0508d6d8       0x5c ../DE1_SoC_Audio_bsp/\libhal_bsp.a(alt_do_dtors.o)
                0x0508d6d8                _do_dtors
 .text          0x0508d734       0x30 ../DE1_SoC_Audio_bsp/\libhal_bsp.a(alt_icache_flush_all.o)
                0x0508d734                alt_icache_flush_all
 .text          0x0508d764      0x1d8 ../DE1_SoC_Audio_bsp/\libhal_bsp.a(alt_iic.o)
                0x0508d764                alt_ic_isr_register
                0x0508d7b4                alt_ic_irq_enable
                0x0508d850                alt_ic_irq_disable
                0x0508d8f0                alt_ic_irq_enabled
 .text          0x0508d93c       0xf0 ../DE1_SoC_Audio_bsp/\libhal_bsp.a(alt_iic_isr_register.o)
                0x0508d93c                alt_iic_isr_register
 .text          0x0508da2c      0x138 ../DE1_SoC_Audio_bsp/\libhal_bsp.a(alt_io_redirect.o)
                0x0508daec                alt_io_redirect
 .text          0x0508db64        0x0 ../DE1_SoC_Audio_bsp/\libhal_bsp.a(alt_irq_entry.o)
 .text          0x0508db64        0x0 ../DE1_SoC_Audio_bsp/\libhal_bsp.a(alt_irq_handler.o)
 .text          0x0508db64      0x270 ../DE1_SoC_Audio_bsp/\libhal_bsp.a(alt_open.o)
                0x0508dc80                open
 .text          0x0508ddd4      0x19c ../DE1_SoC_Audio_bsp/\libhal_bsp.a(alt_tick.o)
                0x0508ddd4                alt_alarm_stop
                0x0508de6c                alt_tick
 .text          0x0508df70       0x20 ../DE1_SoC_Audio_bsp/\libhal_bsp.a(altera_nios2_qsys_irq.o)
                0x0508df70                altera_nios2_qsys_irq_init
 .text          0x0508df90        0x0 ../DE1_SoC_Audio_bsp/\libhal_bsp.a(alt_exception_entry.o)
 .text          0x0508df90       0x90 ../DE1_SoC_Audio_bsp/\libhal_bsp.a(alt_find_dev.o)
                0x0508df90                alt_find_dev
 .text          0x0508e020      0x114 ../DE1_SoC_Audio_bsp/\libhal_bsp.a(alt_find_file.o)
                0x0508e020                alt_find_file
 .text          0x0508e134       0xb4 ../DE1_SoC_Audio_bsp/\libhal_bsp.a(alt_get_fd.o)
                0x0508e134                alt_get_fd
 .text          0x0508e1e8       0x8c ../DE1_SoC_Audio_bsp/\libhal_bsp.a(alt_icache_flush.o)
                0x0508e1e8                alt_icache_flush
 .text          0x0508e274       0x14 d:/altera13.1/nios2eds/bin/gnu/h-i686-mingw32/bin/../lib/gcc/nios2-elf/4.7.3/../../../../../H-i686-mingw32/nios2-elf/lib\libc.a(lib_a-atexit.o)
                0x0508e274                atexit
 .text          0x0508e288       0x38 d:/altera13.1/nios2eds/bin/gnu/h-i686-mingw32/bin/../lib/gcc/nios2-elf/4.7.3/../../../../../H-i686-mingw32/nios2-elf/lib\libc.a(lib_a-exit.o)
                0x0508e288                exit
 .text          0x0508e2c0       0x7c d:/altera13.1/nios2eds/bin/gnu/h-i686-mingw32/bin/../lib/gcc/nios2-elf/4.7.3/../../../../../H-i686-mingw32/nios2-elf/lib\libc.a(lib_a-memcmp.o)
                0x0508e2c0                memcmp
 .text          0x0508e33c      0x130 d:/altera13.1/nios2eds/bin/gnu/h-i686-mingw32/bin/../lib/gcc/nios2-elf/4.7.3/../../../../../H-i686-mingw32/nios2-elf/lib\libc.a(lib_a-__atexit.o)
                0x0508e33c                __register_exitproc
 .text          0x0508e46c      0x1a0 d:/altera13.1/nios2eds/bin/gnu/h-i686-mingw32/bin/../lib/gcc/nios2-elf/4.7.3/../../../../../H-i686-mingw32/nios2-elf/lib\libc.a(lib_a-__call_atexit.o)
                0x0508e46c                __call_exitprocs
 .text          0x0508e60c       0x3c ../DE1_SoC_Audio_bsp/\libhal_bsp.a(alt_exit.o)
                0x0508e60c                _exit
 *(.gnu.warning.*)
 *(.fini)
                0x0508e648                PROVIDE (__etext, ABSOLUTE (.))
                0x0508e648                PROVIDE (_etext, ABSOLUTE (.))
                0x0508e648                PROVIDE (etext, ABSOLUTE (.))
 *(.eh_frame_hdr)
                0x0508e648                . = ALIGN (0x4)
                0x0508e648                PROVIDE (__preinit_array_start, ABSOLUTE (.))
 *(.preinit_array)
                0x0508e648                PROVIDE (__preinit_array_end, ABSOLUTE (.))
                0x0508e648                PROVIDE (__init_array_start, ABSOLUTE (.))
 *(.init_array)
                0x0508e648                PROVIDE (__init_array_end, ABSOLUTE (.))
                0x0508e648                PROVIDE (__fini_array_start, ABSOLUTE (.))
 *(.fini_array)
                0x0508e648                PROVIDE (__fini_array_end, ABSOLUTE (.))
 *(.eh_frame)
 *(.gcc_except_table .gcc_except_table.*)
 *(.dynamic)
                0x0508e648                PROVIDE (__CTOR_LIST__, ABSOLUTE (.))
 *(.ctors)
 *(SORT(.ctors.*))
                0x0508e648                PROVIDE (__CTOR_END__, ABSOLUTE (.))
                0x0508e648                PROVIDE (__DTOR_LIST__, ABSOLUTE (.))
 *(.dtors)
 *(SORT(.dtors.*))
                0x0508e648                PROVIDE (__DTOR_END__, ABSOLUTE (.))
 *(.jcr)
                0x0508e648                . = ALIGN (0x4)

.rodata         0x0508e648      0xdb8
                0x0508e648                PROVIDE (__ram_rodata_start, ABSOLUTE (.))
                0x0508e648                . = ALIGN (0x4)
 *(.rodata .rodata.* .gnu.linkonce.r.*)
 .rodata        0x0508e648       0xd4 obj/default/AUDIO.o
 .rodata        0x0508e71c       0x88 obj/default/I2C.o
 .rodata        0x0508e7a4       0x10 obj/default/debug.o
 .rodata        0x0508e7b4      0x92c obj/default/main.o
                0x0508e7f8                szMenu
 .rodata.str1.4
                0x0508f0e0        0x2 d:/altera13.1/nios2eds/bin/gnu/h-i686-mingw32/bin/../lib/gcc/nios2-elf/4.7.3/../../../../../H-i686-mingw32/nios2-elf/lib\libc.a(lib_a-puts.o)
                                  0x4 (size before relaxing)
 *fill*         0x0508f0e2        0x2 
 .rodata.str1.4
                0x0508f0e4       0x42 d:/altera13.1/nios2eds/bin/gnu/h-i686-mingw32/bin/../lib/gcc/nios2-elf/4.7.3/../../../../../H-i686-mingw32/nios2-elf/lib\libc.a(lib_a-vfprintf.o)
                                 0x44 (size before relaxing)
 .rodata        0x0508f126       0x20 d:/altera13.1/nios2eds/bin/gnu/h-i686-mingw32/bin/../lib/gcc/nios2-elf/4.7.3/../../../../../H-i686-mingw32/nios2-elf/lib\libc.a(lib_a-vfprintf.o)
 *fill*         0x0508f146        0x2 
 .rodata.str1.4
                0x0508f148       0x10 d:/altera13.1/nios2eds/bin/gnu/h-i686-mingw32/bin/../lib/gcc/nios2-elf/4.7.3/../../../../../H-i686-mingw32/nios2-elf/lib\libc.a(lib_a-dtoa.o)
                                 0x14 (size before relaxing)
 .rodata.str1.4
                0x0508f158        0x2 d:/altera13.1/nios2eds/bin/gnu/h-i686-mingw32/bin/../lib/gcc/nios2-elf/4.7.3/../../../../../H-i686-mingw32/nios2-elf/lib\libc.a(lib_a-impure.o)
                                  0x4 (size before relaxing)
 *fill*         0x0508f15a        0x2 
 .rodata.str1.4
                0x0508f15c       0x10 d:/altera13.1/nios2eds/bin/gnu/h-i686-mingw32/bin/../lib/gcc/nios2-elf/4.7.3/../../../../../H-i686-mingw32/nios2-elf/lib\libc.a(lib_a-locale.o)
                                 0x18 (size before relaxing)
 .rodata        0x0508f16c       0x30 d:/altera13.1/nios2eds/bin/gnu/h-i686-mingw32/bin/../lib/gcc/nios2-elf/4.7.3/../../../../../H-i686-mingw32/nios2-elf/lib\libc.a(lib_a-locale.o)
 .rodata        0x0508f19c      0x124 d:/altera13.1/nios2eds/bin/gnu/h-i686-mingw32/bin/../lib/gcc/nios2-elf/4.7.3/../../../../../H-i686-mingw32/nios2-elf/lib\libc.a(lib_a-mprec.o)
                0x0508f19c                __mprec_tinytens
                0x0508f1c4                __mprec_bigtens
                0x0508f1ec                __mprec_tens
 .rodata        0x0508f2c0       0x14 d:/altera13.1/nios2eds/bin/gnu/h-i686-mingw32/bin/../lib/gcc/nios2-elf/4.7.3\libgcc.a(_thenan_df.o)
                0x0508f2c0                __thenan_df
 .rodata        0x0508f2d4      0x100 d:/altera13.1/nios2eds/bin/gnu/h-i686-mingw32/bin/../lib/gcc/nios2-elf/4.7.3\libgcc.a(_clz.o)
                0x0508f2d4                __clz_tab
 .rodata        0x0508f3d4        0xc ../DE1_SoC_Audio_bsp/\libhal_bsp.a(alt_dev.o)
 .rodata        0x0508f3e0       0x10 ../DE1_SoC_Audio_bsp/\libhal_bsp.a(alt_main.o)
 .rodata        0x0508f3f0       0x10 ../DE1_SoC_Audio_bsp/\libhal_bsp.a(alt_sys_init.o)
 *(.rodata1)
                0x0508f400                . = ALIGN (0x4)
                0x0508f400                PROVIDE (__ram_rodata_end, ABSOLUTE (.))
                0x0508e648                PROVIDE (__flash_rodata_start, LOADADDR (.rodata))

.rwdata         0x0508f400     0x1a68 load address 0x05090e68
                0x0508f400                PROVIDE (__ram_rwdata_start, ABSOLUTE (.))
                0x0508f400                . = ALIGN (0x4)
 *(.got.plt)
 *(.got)
 *(.data1)
 *(.data .data.* .gnu.linkonce.d.*)
 .data          0x0508f400        0x0 ../DE1_SoC_Audio_bsp//obj/HAL/src/crt0.o
 .data          0x0508f400        0x0 obj/default/AUDIO.o
 .data          0x0508f400        0x0 obj/default/I2C.o
 .data          0x0508f400        0x0 obj/default/LED.o
 .data          0x0508f400       0x10 obj/default/SEG7.o
 .data          0x0508f410        0x0 obj/default/debug.o
 .data          0x0508f410        0x0 obj/default/main.o
 .data          0x0508f410        0x0 d:/altera13.1/nios2eds/bin/gnu/h-i686-mingw32/bin/../lib/gcc/nios2-elf/4.7.3\libgcc.a(lib2-divmod.o)
 .data          0x0508f410        0x0 d:/altera13.1/nios2eds/bin/gnu/h-i686-mingw32/bin/../lib/gcc/nios2-elf/4.7.3/../../../../../H-i686-mingw32/nios2-elf/lib\libc.a(lib_a-printf.o)
 .data          0x0508f410        0x0 d:/altera13.1/nios2eds/bin/gnu/h-i686-mingw32/bin/../lib/gcc/nios2-elf/4.7.3/../../../../../H-i686-mingw32/nios2-elf/lib\libc.a(lib_a-puts.o)
 .data          0x0508f410        0x0 d:/altera13.1/nios2eds/bin/gnu/h-i686-mingw32/bin/../lib/gcc/nios2-elf/4.7.3/../../../../../H-i686-mingw32/nios2-elf/lib\libc.a(lib_a-sprintf.o)
 .data          0x0508f410        0x0 d:/altera13.1/nios2eds/bin/gnu/h-i686-mingw32/bin/../lib/gcc/nios2-elf/4.7.3/../../../../../H-i686-mingw32/nios2-elf/lib\libc.a(lib_a-strlen.o)
 .data          0x0508f410        0x0 d:/altera13.1/nios2eds/bin/gnu/h-i686-mingw32/bin/../lib/gcc/nios2-elf/4.7.3/../../../../../H-i686-mingw32/nios2-elf/lib\libc.a(lib_a-vfprintf.o)
 .data          0x0508f410        0x0 d:/altera13.1/nios2eds/bin/gnu/h-i686-mingw32/bin/../lib/gcc/nios2-elf/4.7.3/../../../../../H-i686-mingw32/nios2-elf/lib\libc.a(lib_a-vsnprintf.o)
 .data          0x0508f410        0x0 d:/altera13.1/nios2eds/bin/gnu/h-i686-mingw32/bin/../lib/gcc/nios2-elf/4.7.3/../../../../../H-i686-mingw32/nios2-elf/lib\libc.a(lib_a-wsetup.o)
 .data          0x0508f410        0x0 d:/altera13.1/nios2eds/bin/gnu/h-i686-mingw32/bin/../lib/gcc/nios2-elf/4.7.3/../../../../../H-i686-mingw32/nios2-elf/lib\libc.a(lib_a-dtoa.o)
 .data          0x0508f410        0x0 d:/altera13.1/nios2eds/bin/gnu/h-i686-mingw32/bin/../lib/gcc/nios2-elf/4.7.3/../../../../../H-i686-mingw32/nios2-elf/lib\libc.a(lib_a-fflush.o)
 .data          0x0508f410        0x0 d:/altera13.1/nios2eds/bin/gnu/h-i686-mingw32/bin/../lib/gcc/nios2-elf/4.7.3/../../../../../H-i686-mingw32/nios2-elf/lib\libc.a(lib_a-findfp.o)
 .data          0x0508f410        0x0 d:/altera13.1/nios2eds/bin/gnu/h-i686-mingw32/bin/../lib/gcc/nios2-elf/4.7.3/../../../../../H-i686-mingw32/nios2-elf/lib\libc.a(lib_a-freer.o)
 .data          0x0508f410        0x0 d:/altera13.1/nios2eds/bin/gnu/h-i686-mingw32/bin/../lib/gcc/nios2-elf/4.7.3/../../../../../H-i686-mingw32/nios2-elf/lib\libc.a(lib_a-fvwrite.o)
 .data          0x0508f410        0x0 d:/altera13.1/nios2eds/bin/gnu/h-i686-mingw32/bin/../lib/gcc/nios2-elf/4.7.3/../../../../../H-i686-mingw32/nios2-elf/lib\libc.a(lib_a-fwalk.o)
 .data          0x0508f410      0x400 d:/altera13.1/nios2eds/bin/gnu/h-i686-mingw32/bin/../lib/gcc/nios2-elf/4.7.3/../../../../../H-i686-mingw32/nios2-elf/lib\libc.a(lib_a-impure.o)
 .data          0x0508f810        0xc d:/altera13.1/nios2eds/bin/gnu/h-i686-mingw32/bin/../lib/gcc/nios2-elf/4.7.3/../../../../../H-i686-mingw32/nios2-elf/lib\libc.a(lib_a-locale.o)
                0x0508f810                __lc_ctype
 .data          0x0508f81c        0x0 d:/altera13.1/nios2eds/bin/gnu/h-i686-mingw32/bin/../lib/gcc/nios2-elf/4.7.3/../../../../../H-i686-mingw32/nios2-elf/lib\libc.a(lib_a-makebuf.o)
 .data          0x0508f81c      0x408 d:/altera13.1/nios2eds/bin/gnu/h-i686-mingw32/bin/../lib/gcc/nios2-elf/4.7.3/../../../../../H-i686-mingw32/nios2-elf/lib\libc.a(lib_a-mallocr.o)
                0x0508f81c                __malloc_av_
 .data          0x0508fc24        0x0 d:/altera13.1/nios2eds/bin/gnu/h-i686-mingw32/bin/../lib/gcc/nios2-elf/4.7.3/../../../../../H-i686-mingw32/nios2-elf/lib\libc.a(lib_a-memchr.o)
 .data          0x0508fc24        0x0 d:/altera13.1/nios2eds/bin/gnu/h-i686-mingw32/bin/../lib/gcc/nios2-elf/4.7.3/../../../../../H-i686-mingw32/nios2-elf/lib\libc.a(lib_a-memcpy.o)
 .data          0x0508fc24        0x0 d:/altera13.1/nios2eds/bin/gnu/h-i686-mingw32/bin/../lib/gcc/nios2-elf/4.7.3/../../../../../H-i686-mingw32/nios2-elf/lib\libc.a(lib_a-memmove.o)
 .data          0x0508fc24        0x0 d:/altera13.1/nios2eds/bin/gnu/h-i686-mingw32/bin/../lib/gcc/nios2-elf/4.7.3/../../../../../H-i686-mingw32/nios2-elf/lib\libc.a(lib_a-memset.o)
 .data          0x0508fc24        0x0 d:/altera13.1/nios2eds/bin/gnu/h-i686-mingw32/bin/../lib/gcc/nios2-elf/4.7.3/../../../../../H-i686-mingw32/nios2-elf/lib\libc.a(lib_a-mprec.o)
 .data          0x0508fc24        0x0 d:/altera13.1/nios2eds/bin/gnu/h-i686-mingw32/bin/../lib/gcc/nios2-elf/4.7.3/../../../../../H-i686-mingw32/nios2-elf/lib\libc.a(lib_a-reallocr.o)
 .data          0x0508fc24        0x0 d:/altera13.1/nios2eds/bin/gnu/h-i686-mingw32/bin/../lib/gcc/nios2-elf/4.7.3/../../../../../H-i686-mingw32/nios2-elf/lib\libc.a(lib_a-s_isinfd.o)
 .data          0x0508fc24        0x0 d:/altera13.1/nios2eds/bin/gnu/h-i686-mingw32/bin/../lib/gcc/nios2-elf/4.7.3/../../../../../H-i686-mingw32/nios2-elf/lib\libc.a(lib_a-s_isnand.o)
 .data          0x0508fc24        0x0 d:/altera13.1/nios2eds/bin/gnu/h-i686-mingw32/bin/../lib/gcc/nios2-elf/4.7.3/../../../../../H-i686-mingw32/nios2-elf/lib\libc.a(lib_a-sbrkr.o)
 .data          0x0508fc24        0x0 d:/altera13.1/nios2eds/bin/gnu/h-i686-mingw32/bin/../lib/gcc/nios2-elf/4.7.3/../../../../../H-i686-mingw32/nios2-elf/lib\libc.a(lib_a-stdio.o)
 .data          0x0508fc24        0x0 d:/altera13.1/nios2eds/bin/gnu/h-i686-mingw32/bin/../lib/gcc/nios2-elf/4.7.3/../../../../../H-i686-mingw32/nios2-elf/lib\libc.a(lib_a-strcmp.o)
 .data          0x0508fc24        0x0 d:/altera13.1/nios2eds/bin/gnu/h-i686-mingw32/bin/../lib/gcc/nios2-elf/4.7.3/../../../../../H-i686-mingw32/nios2-elf/lib\libc.a(lib_a-writer.o)
 .data          0x0508fc24        0x0 d:/altera13.1/nios2eds/bin/gnu/h-i686-mingw32/bin/../lib/gcc/nios2-elf/4.7.3/../../../../../H-i686-mingw32/nios2-elf/lib\libc.a(lib_a-callocr.o)
 .data          0x0508fc24        0x0 d:/altera13.1/nios2eds/bin/gnu/h-i686-mingw32/bin/../lib/gcc/nios2-elf/4.7.3/../../../../../H-i686-mingw32/nios2-elf/lib\libc.a(lib_a-closer.o)
 .data          0x0508fc24        0x0 d:/altera13.1/nios2eds/bin/gnu/h-i686-mingw32/bin/../lib/gcc/nios2-elf/4.7.3/../../../../../H-i686-mingw32/nios2-elf/lib\libc.a(lib_a-fclose.o)
 .data          0x0508fc24        0x0 d:/altera13.1/nios2eds/bin/gnu/h-i686-mingw32/bin/../lib/gcc/nios2-elf/4.7.3/../../../../../H-i686-mingw32/nios2-elf/lib\libc.a(lib_a-fstatr.o)
 .data          0x0508fc24        0x0 d:/altera13.1/nios2eds/bin/gnu/h-i686-mingw32/bin/../lib/gcc/nios2-elf/4.7.3/../../../../../H-i686-mingw32/nios2-elf/lib\libc.a(lib_a-int_errno.o)
 .data          0x0508fc24        0x0 d:/altera13.1/nios2eds/bin/gnu/h-i686-mingw32/bin/../lib/gcc/nios2-elf/4.7.3/../../../../../H-i686-mingw32/nios2-elf/lib\libc.a(lib_a-isattyr.o)
 .data          0x0508fc24        0x0 d:/altera13.1/nios2eds/bin/gnu/h-i686-mingw32/bin/../lib/gcc/nios2-elf/4.7.3/../../../../../H-i686-mingw32/nios2-elf/lib\libc.a(lib_a-lseekr.o)
 .data          0x0508fc24        0x0 d:/altera13.1/nios2eds/bin/gnu/h-i686-mingw32/bin/../lib/gcc/nios2-elf/4.7.3/../../../../../H-i686-mingw32/nios2-elf/lib\libc.a(lib_a-readr.o)
 .data          0x0508fc24        0x0 d:/altera13.1/nios2eds/bin/gnu/h-i686-mingw32/bin/../lib/gcc/nios2-elf/4.7.3\libgcc.a(_udivdi3.o)
 .data          0x0508fc24        0x0 d:/altera13.1/nios2eds/bin/gnu/h-i686-mingw32/bin/../lib/gcc/nios2-elf/4.7.3\libgcc.a(_umoddi3.o)
 .data          0x0508fc24        0x0 d:/altera13.1/nios2eds/bin/gnu/h-i686-mingw32/bin/../lib/gcc/nios2-elf/4.7.3\libgcc.a(_addsub_df.o)
 .data          0x0508fc24        0x0 d:/altera13.1/nios2eds/bin/gnu/h-i686-mingw32/bin/../lib/gcc/nios2-elf/4.7.3\libgcc.a(_mul_df.o)
 .data          0x0508fc24        0x0 d:/altera13.1/nios2eds/bin/gnu/h-i686-mingw32/bin/../lib/gcc/nios2-elf/4.7.3\libgcc.a(_div_df.o)
 .data          0x0508fc24        0x0 d:/altera13.1/nios2eds/bin/gnu/h-i686-mingw32/bin/../lib/gcc/nios2-elf/4.7.3\libgcc.a(_eq_df.o)
 .data          0x0508fc24        0x0 d:/altera13.1/nios2eds/bin/gnu/h-i686-mingw32/bin/../lib/gcc/nios2-elf/4.7.3\libgcc.a(_ne_df.o)
 .data          0x0508fc24        0x0 d:/altera13.1/nios2eds/bin/gnu/h-i686-mingw32/bin/../lib/gcc/nios2-elf/4.7.3\libgcc.a(_gt_df.o)
 .data          0x0508fc24        0x0 d:/altera13.1/nios2eds/bin/gnu/h-i686-mingw32/bin/../lib/gcc/nios2-elf/4.7.3\libgcc.a(_ge_df.o)
 .data          0x0508fc24        0x0 d:/altera13.1/nios2eds/bin/gnu/h-i686-mingw32/bin/../lib/gcc/nios2-elf/4.7.3\libgcc.a(_lt_df.o)
 .data          0x0508fc24        0x0 d:/altera13.1/nios2eds/bin/gnu/h-i686-mingw32/bin/../lib/gcc/nios2-elf/4.7.3\libgcc.a(_si_to_df.o)
 .data          0x0508fc24        0x0 d:/altera13.1/nios2eds/bin/gnu/h-i686-mingw32/bin/../lib/gcc/nios2-elf/4.7.3\libgcc.a(_df_to_si.o)
 .data          0x0508fc24        0x0 d:/altera13.1/nios2eds/bin/gnu/h-i686-mingw32/bin/../lib/gcc/nios2-elf/4.7.3\libgcc.a(_thenan_df.o)
 .data          0x0508fc24        0x0 d:/altera13.1/nios2eds/bin/gnu/h-i686-mingw32/bin/../lib/gcc/nios2-elf/4.7.3\libgcc.a(_usi_to_df.o)
 .data          0x0508fc24        0x0 d:/altera13.1/nios2eds/bin/gnu/h-i686-mingw32/bin/../lib/gcc/nios2-elf/4.7.3\libgcc.a(_muldi3.o)
 .data          0x0508fc24        0x0 d:/altera13.1/nios2eds/bin/gnu/h-i686-mingw32/bin/../lib/gcc/nios2-elf/4.7.3\libgcc.a(_clz.o)
 .data          0x0508fc24        0x0 d:/altera13.1/nios2eds/bin/gnu/h-i686-mingw32/bin/../lib/gcc/nios2-elf/4.7.3\libgcc.a(_clzsi2.o)
 .data          0x0508fc24        0x0 d:/altera13.1/nios2eds/bin/gnu/h-i686-mingw32/bin/../lib/gcc/nios2-elf/4.7.3\libgcc.a(_pack_df.o)
 .data          0x0508fc24        0x0 d:/altera13.1/nios2eds/bin/gnu/h-i686-mingw32/bin/../lib/gcc/nios2-elf/4.7.3\libgcc.a(_unpack_df.o)
 .data          0x0508fc24        0x0 d:/altera13.1/nios2eds/bin/gnu/h-i686-mingw32/bin/../lib/gcc/nios2-elf/4.7.3\libgcc.a(_fpcmp_parts_df.o)
 .data          0x0508fc24        0x0 d:/altera13.1/nios2eds/bin/gnu/h-i686-mingw32/bin/../lib/gcc/nios2-elf/4.7.3\libgcc.a(_lshrdi3.o)
 .data          0x0508fc24        0x0 d:/altera13.1/nios2eds/bin/gnu/h-i686-mingw32/bin/../lib/gcc/nios2-elf/4.7.3\libgcc.a(_ashldi3.o)
 .data          0x0508fc24        0x0 ../DE1_SoC_Audio_bsp/\libhal_bsp.a(alt_close.o)
 .data          0x0508fc24      0x1a8 ../DE1_SoC_Audio_bsp/\libhal_bsp.a(alt_dev.o)
                0x0508fc24                alt_dev_null
                0x0508fc4c                alt_fd_list
 .data          0x0508fdcc        0x0 ../DE1_SoC_Audio_bsp/\libhal_bsp.a(alt_errno.o)
 .data          0x0508fdcc        0x0 ../DE1_SoC_Audio_bsp/\libhal_bsp.a(alt_fstat.o)
 .data          0x0508fdcc        0x0 ../DE1_SoC_Audio_bsp/\libhal_bsp.a(alt_irq_register.o)
 .data          0x0508fdcc        0x0 ../DE1_SoC_Audio_bsp/\libhal_bsp.a(alt_irq_vars.o)
 .data          0x0508fdcc        0x0 ../DE1_SoC_Audio_bsp/\libhal_bsp.a(alt_isatty.o)
 .data          0x0508fdcc        0x0 ../DE1_SoC_Audio_bsp/\libhal_bsp.a(alt_load.o)
 .data          0x0508fdcc        0x0 ../DE1_SoC_Audio_bsp/\libhal_bsp.a(alt_lseek.o)
 .data          0x0508fdcc        0x0 ../DE1_SoC_Audio_bsp/\libhal_bsp.a(alt_main.o)
 .data          0x0508fdcc        0x0 ../DE1_SoC_Audio_bsp/\libhal_bsp.a(alt_malloc_lock.o)
 .data          0x0508fdcc        0x0 ../DE1_SoC_Audio_bsp/\libhal_bsp.a(alt_read.o)
 .data          0x0508fdcc        0x0 ../DE1_SoC_Audio_bsp/\libhal_bsp.a(alt_release_fd.o)
 .data          0x0508fdcc        0x0 ../DE1_SoC_Audio_bsp/\libhal_bsp.a(alt_sbrk.o)
 .data          0x0508fdcc        0x0 ../DE1_SoC_Audio_bsp/\libhal_bsp.a(alt_usleep.o)
 .data          0x0508fdcc        0x0 ../DE1_SoC_Audio_bsp/\libhal_bsp.a(alt_write.o)
 .data          0x0508fdcc     0x1060 ../DE1_SoC_Audio_bsp/\libhal_bsp.a(alt_sys_init.o)
 .data          0x05090e2c        0x0 ../DE1_SoC_Audio_bsp/\libhal_bsp.a(altera_avalon_jtag_uart_fd.o)
 .data          0x05090e2c        0x0 ../DE1_SoC_Audio_bsp/\libhal_bsp.a(altera_avalon_jtag_uart_init.o)
 .data          0x05090e2c        0x0 ../DE1_SoC_Audio_bsp/\libhal_bsp.a(altera_avalon_jtag_uart_ioctl.o)
 .data          0x05090e2c        0x0 ../DE1_SoC_Audio_bsp/\libhal_bsp.a(altera_avalon_jtag_uart_read.o)
 .data          0x05090e2c        0x0 ../DE1_SoC_Audio_bsp/\libhal_bsp.a(altera_avalon_jtag_uart_write.o)
 .data          0x05090e2c        0x0 ../DE1_SoC_Audio_bsp/\libhal_bsp.a(altera_avalon_timer_sc.o)
 .data          0x05090e2c        0x0 ../DE1_SoC_Audio_bsp/\libhal_bsp.a(alt_alarm_start.o)
 .data          0x05090e2c        0x0 ../DE1_SoC_Audio_bsp/\libhal_bsp.a(alt_busy_sleep.o)
 .data          0x05090e2c        0x0 ../DE1_SoC_Audio_bsp/\libhal_bsp.a(alt_dcache_flush_all.o)
 .data          0x05090e2c        0x0 ../DE1_SoC_Audio_bsp/\libhal_bsp.a(alt_dev_llist_insert.o)
 .data          0x05090e2c        0x0 ../DE1_SoC_Audio_bsp/\libhal_bsp.a(alt_do_ctors.o)
 .data          0x05090e2c        0x0 ../DE1_SoC_Audio_bsp/\libhal_bsp.a(alt_do_dtors.o)
 .data          0x05090e2c        0x0 ../DE1_SoC_Audio_bsp/\libhal_bsp.a(alt_icache_flush_all.o)
 .data          0x05090e2c        0x0 ../DE1_SoC_Audio_bsp/\libhal_bsp.a(alt_iic.o)
 .data          0x05090e2c        0x0 ../DE1_SoC_Audio_bsp/\libhal_bsp.a(alt_iic_isr_register.o)
 .data          0x05090e2c        0x0 ../DE1_SoC_Audio_bsp/\libhal_bsp.a(alt_io_redirect.o)
 .data          0x05090e2c        0x0 ../DE1_SoC_Audio_bsp/\libhal_bsp.a(alt_irq_entry.o)
 .data          0x05090e2c        0x0 ../DE1_SoC_Audio_bsp/\libhal_bsp.a(alt_irq_handler.o)
 .data          0x05090e2c        0x0 ../DE1_SoC_Audio_bsp/\libhal_bsp.a(alt_open.o)
 .data          0x05090e2c        0x0 ../DE1_SoC_Audio_bsp/\libhal_bsp.a(alt_tick.o)
 .data          0x05090e2c        0x0 ../DE1_SoC_Audio_bsp/\libhal_bsp.a(altera_nios2_qsys_irq.o)
 .data          0x05090e2c        0x0 ../DE1_SoC_Audio_bsp/\libhal_bsp.a(alt_exception_entry.o)
 .data          0x05090e2c        0x0 ../DE1_SoC_Audio_bsp/\libhal_bsp.a(alt_find_dev.o)
 .data          0x05090e2c        0x0 ../DE1_SoC_Audio_bsp/\libhal_bsp.a(alt_find_file.o)
 .data          0x05090e2c        0x0 ../DE1_SoC_Audio_bsp/\libhal_bsp.a(alt_get_fd.o)
 .data          0x05090e2c        0x0 ../DE1_SoC_Audio_bsp/\libhal_bsp.a(alt_icache_flush.o)
 .data          0x05090e2c        0x0 d:/altera13.1/nios2eds/bin/gnu/h-i686-mingw32/bin/../lib/gcc/nios2-elf/4.7.3/../../../../../H-i686-mingw32/nios2-elf/lib\libc.a(lib_a-atexit.o)
 .data          0x05090e2c        0x0 d:/altera13.1/nios2eds/bin/gnu/h-i686-mingw32/bin/../lib/gcc/nios2-elf/4.7.3/../../../../../H-i686-mingw32/nios2-elf/lib\libc.a(lib_a-exit.o)
 .data          0x05090e2c        0x0 d:/altera13.1/nios2eds/bin/gnu/h-i686-mingw32/bin/../lib/gcc/nios2-elf/4.7.3/../../../../../H-i686-mingw32/nios2-elf/lib\libc.a(lib_a-memcmp.o)
 .data          0x05090e2c        0x0 d:/altera13.1/nios2eds/bin/gnu/h-i686-mingw32/bin/../lib/gcc/nios2-elf/4.7.3/../../../../../H-i686-mingw32/nios2-elf/lib\libc.a(lib_a-__atexit.o)
 .data          0x05090e2c        0x0 d:/altera13.1/nios2eds/bin/gnu/h-i686-mingw32/bin/../lib/gcc/nios2-elf/4.7.3/../../../../../H-i686-mingw32/nios2-elf/lib\libc.a(lib_a-__call_atexit.o)
 .data          0x05090e2c        0x0 ../DE1_SoC_Audio_bsp/\libhal_bsp.a(alt_exit.o)
                0x05098e2c                _gp = ABSOLUTE ((. + 0x8000))
                0x05098e2c                PROVIDE (gp, _gp)
 *(.rwdata .rwdata.*)
 *(.sdata .sdata.* .gnu.linkonce.s.*)
 .sdata         0x05090e2c        0x8 d:/altera13.1/nios2eds/bin/gnu/h-i686-mingw32/bin/../lib/gcc/nios2-elf/4.7.3/../../../../../H-i686-mingw32/nios2-elf/lib\libc.a(lib_a-impure.o)
                0x05090e2c                _global_impure_ptr
                0x05090e30                _impure_ptr
 .sdata         0x05090e34        0x4 d:/altera13.1/nios2eds/bin/gnu/h-i686-mingw32/bin/../lib/gcc/nios2-elf/4.7.3/../../../../../H-i686-mingw32/nios2-elf/lib\libc.a(lib_a-locale.o)
                0x05090e34                __mb_cur_max
 .sdata         0x05090e38        0x8 d:/altera13.1/nios2eds/bin/gnu/h-i686-mingw32/bin/../lib/gcc/nios2-elf/4.7.3/../../../../../H-i686-mingw32/nios2-elf/lib\libc.a(lib_a-mallocr.o)
                0x05090e38                __malloc_sbrk_base
                0x05090e3c                __malloc_trim_threshold
 .sdata         0x05090e40       0x14 ../DE1_SoC_Audio_bsp/\libhal_bsp.a(alt_dev.o)
                0x05090e40                alt_fs_list
                0x05090e48                alt_dev_list
                0x05090e50                alt_max_fd
 .sdata         0x05090e54        0x4 ../DE1_SoC_Audio_bsp/\libhal_bsp.a(alt_errno.o)
                0x05090e54                alt_errno
 .sdata         0x05090e58        0x4 ../DE1_SoC_Audio_bsp/\libhal_bsp.a(alt_irq_vars.o)
                0x05090e58                alt_priority_mask
 .sdata         0x05090e5c        0x4 ../DE1_SoC_Audio_bsp/\libhal_bsp.a(alt_sbrk.o)
 .sdata         0x05090e60        0x8 ../DE1_SoC_Audio_bsp/\libhal_bsp.a(alt_tick.o)
                0x05090e60                alt_alarm_list
 *(.sdata2 .sdata2.* .gnu.linkonce.s2.*)
                0x05090e68                . = ALIGN (0x4)
                0x05090e68                _edata = ABSOLUTE (.)
                0x05090e68                PROVIDE (edata, ABSOLUTE (.))
                0x05090e68                PROVIDE (__ram_rwdata_end, ABSOLUTE (.))
                0x05090e68                PROVIDE (__flash_rwdata_start, LOADADDR (.rwdata))

.bss            0x050928d0      0x320
                0x050928d0                __bss_start = ABSOLUTE (.)
                0x050928d0                PROVIDE (__sbss_start, ABSOLUTE (.))
                0x050928d0                PROVIDE (___sbss_start, ABSOLUTE (.))
 *(.dynsbss)
 *(.sbss .sbss.* .gnu.linkonce.sb.*)
 .sbss          0x050928d0        0x8 obj/default/main.o
 .sbss          0x050928d8        0x4 obj/default/main.o
                0x050928d8                record_sample_rate
 .sbss          0x050928dc        0xc d:/altera13.1/nios2eds/bin/gnu/h-i686-mingw32/bin/../lib/gcc/nios2-elf/4.7.3/../../../../../H-i686-mingw32/nios2-elf/lib\libc.a(lib_a-locale.o)
                0x050928dc                _PathLocale
                0x050928e0                __mlocale_changed
                0x050928e4                __nlocale_changed
 .sbss          0x050928e8        0xc d:/altera13.1/nios2eds/bin/gnu/h-i686-mingw32/bin/../lib/gcc/nios2-elf/4.7.3/../../../../../H-i686-mingw32/nios2-elf/lib\libc.a(lib_a-mallocr.o)
                0x050928e8                __malloc_max_total_mem
                0x050928ec                __malloc_max_sbrked_mem
                0x050928f0                __malloc_top_pad
 .sbss          0x050928f4        0x4 d:/altera13.1/nios2eds/bin/gnu/h-i686-mingw32/bin/../lib/gcc/nios2-elf/4.7.3/../../../../../H-i686-mingw32/nios2-elf/lib\libc.a(lib_a-int_errno.o)
                0x050928f4                errno
 .sbss          0x050928f8        0x4 ../DE1_SoC_Audio_bsp/\libhal_bsp.a(alt_irq_vars.o)
                0x050928f8                alt_irq_active
 .sbss          0x050928fc        0xc ../DE1_SoC_Audio_bsp/\libhal_bsp.a(alt_main.o)
                0x050928fc                alt_argc
                0x05092900                alt_argv
                0x05092904                alt_envp
 .sbss          0x05092908        0x8 ../DE1_SoC_Audio_bsp/\libhal_bsp.a(alt_tick.o)
                0x05092908                _alt_tick_rate
                0x0509290c                _alt_nticks
 *(.sbss2 .sbss2.* .gnu.linkonce.sb2.*)
 *(.scommon)
                0x05092910                PROVIDE (__sbss_end, ABSOLUTE (.))
                0x05092910                PROVIDE (___sbss_end, ABSOLUTE (.))
 *(.dynbss)
 *(.bss .bss.* .gnu.linkonce.b.*)
 .bss           0x05092910        0x0 ../DE1_SoC_Audio_bsp//obj/HAL/src/crt0.o
 .bss           0x05092910       0x28 obj/default/AUDIO.o
 .bss           0x05092938        0x0 obj/default/I2C.o
 .bss           0x05092938        0x0 obj/default/LED.o
 .bss           0x05092938        0x0 obj/default/SEG7.o
 .bss           0x05092938        0x0 obj/default/debug.o
 .bss           0x05092938        0x0 obj/default/main.o
 .bss           0x05092938        0x0 d:/altera13.1/nios2eds/bin/gnu/h-i686-mingw32/bin/../lib/gcc/nios2-elf/4.7.3\libgcc.a(lib2-divmod.o)
 .bss           0x05092938        0x0 d:/altera13.1/nios2eds/bin/gnu/h-i686-mingw32/bin/../lib/gcc/nios2-elf/4.7.3/../../../../../H-i686-mingw32/nios2-elf/lib\libc.a(lib_a-printf.o)
 .bss           0x05092938        0x0 d:/altera13.1/nios2eds/bin/gnu/h-i686-mingw32/bin/../lib/gcc/nios2-elf/4.7.3/../../../../../H-i686-mingw32/nios2-elf/lib\libc.a(lib_a-puts.o)
 .bss           0x05092938        0x0 d:/altera13.1/nios2eds/bin/gnu/h-i686-mingw32/bin/../lib/gcc/nios2-elf/4.7.3/../../../../../H-i686-mingw32/nios2-elf/lib\libc.a(lib_a-sprintf.o)
 .bss           0x05092938        0x0 d:/altera13.1/nios2eds/bin/gnu/h-i686-mingw32/bin/../lib/gcc/nios2-elf/4.7.3/../../../../../H-i686-mingw32/nios2-elf/lib\libc.a(lib_a-strlen.o)
 .bss           0x05092938        0x0 d:/altera13.1/nios2eds/bin/gnu/h-i686-mingw32/bin/../lib/gcc/nios2-elf/4.7.3/../../../../../H-i686-mingw32/nios2-elf/lib\libc.a(lib_a-vfprintf.o)
 .bss           0x05092938        0x0 d:/altera13.1/nios2eds/bin/gnu/h-i686-mingw32/bin/../lib/gcc/nios2-elf/4.7.3/../../../../../H-i686-mingw32/nios2-elf/lib\libc.a(lib_a-vsnprintf.o)
 .bss           0x05092938        0x0 d:/altera13.1/nios2eds/bin/gnu/h-i686-mingw32/bin/../lib/gcc/nios2-elf/4.7.3/../../../../../H-i686-mingw32/nios2-elf/lib\libc.a(lib_a-wsetup.o)
 .bss           0x05092938        0x0 d:/altera13.1/nios2eds/bin/gnu/h-i686-mingw32/bin/../lib/gcc/nios2-elf/4.7.3/../../../../../H-i686-mingw32/nios2-elf/lib\libc.a(lib_a-dtoa.o)
 .bss           0x05092938        0x0 d:/altera13.1/nios2eds/bin/gnu/h-i686-mingw32/bin/../lib/gcc/nios2-elf/4.7.3/../../../../../H-i686-mingw32/nios2-elf/lib\libc.a(lib_a-fflush.o)
 .bss           0x05092938        0x0 d:/altera13.1/nios2eds/bin/gnu/h-i686-mingw32/bin/../lib/gcc/nios2-elf/4.7.3/../../../../../H-i686-mingw32/nios2-elf/lib\libc.a(lib_a-findfp.o)
 .bss           0x05092938        0x0 d:/altera13.1/nios2eds/bin/gnu/h-i686-mingw32/bin/../lib/gcc/nios2-elf/4.7.3/../../../../../H-i686-mingw32/nios2-elf/lib\libc.a(lib_a-freer.o)
 .bss           0x05092938        0x0 d:/altera13.1/nios2eds/bin/gnu/h-i686-mingw32/bin/../lib/gcc/nios2-elf/4.7.3/../../../../../H-i686-mingw32/nios2-elf/lib\libc.a(lib_a-fvwrite.o)
 .bss           0x05092938        0x0 d:/altera13.1/nios2eds/bin/gnu/h-i686-mingw32/bin/../lib/gcc/nios2-elf/4.7.3/../../../../../H-i686-mingw32/nios2-elf/lib\libc.a(lib_a-fwalk.o)
 .bss           0x05092938        0x0 d:/altera13.1/nios2eds/bin/gnu/h-i686-mingw32/bin/../lib/gcc/nios2-elf/4.7.3/../../../../../H-i686-mingw32/nios2-elf/lib\libc.a(lib_a-impure.o)
 .bss           0x05092938        0x0 d:/altera13.1/nios2eds/bin/gnu/h-i686-mingw32/bin/../lib/gcc/nios2-elf/4.7.3/../../../../../H-i686-mingw32/nios2-elf/lib\libc.a(lib_a-locale.o)
 .bss           0x05092938        0x0 d:/altera13.1/nios2eds/bin/gnu/h-i686-mingw32/bin/../lib/gcc/nios2-elf/4.7.3/../../../../../H-i686-mingw32/nios2-elf/lib\libc.a(lib_a-makebuf.o)
 .bss           0x05092938       0x28 d:/altera13.1/nios2eds/bin/gnu/h-i686-mingw32/bin/../lib/gcc/nios2-elf/4.7.3/../../../../../H-i686-mingw32/nios2-elf/lib\libc.a(lib_a-mallocr.o)
                0x05092938                __malloc_current_mallinfo
 .bss           0x05092960        0x0 d:/altera13.1/nios2eds/bin/gnu/h-i686-mingw32/bin/../lib/gcc/nios2-elf/4.7.3/../../../../../H-i686-mingw32/nios2-elf/lib\libc.a(lib_a-memchr.o)
 .bss           0x05092960        0x0 d:/altera13.1/nios2eds/bin/gnu/h-i686-mingw32/bin/../lib/gcc/nios2-elf/4.7.3/../../../../../H-i686-mingw32/nios2-elf/lib\libc.a(lib_a-memcpy.o)
 .bss           0x05092960        0x0 d:/altera13.1/nios2eds/bin/gnu/h-i686-mingw32/bin/../lib/gcc/nios2-elf/4.7.3/../../../../../H-i686-mingw32/nios2-elf/lib\libc.a(lib_a-memmove.o)
 .bss           0x05092960        0x0 d:/altera13.1/nios2eds/bin/gnu/h-i686-mingw32/bin/../lib/gcc/nios2-elf/4.7.3/../../../../../H-i686-mingw32/nios2-elf/lib\libc.a(lib_a-memset.o)
 .bss           0x05092960        0x0 d:/altera13.1/nios2eds/bin/gnu/h-i686-mingw32/bin/../lib/gcc/nios2-elf/4.7.3/../../../../../H-i686-mingw32/nios2-elf/lib\libc.a(lib_a-mprec.o)
 .bss           0x05092960        0x0 d:/altera13.1/nios2eds/bin/gnu/h-i686-mingw32/bin/../lib/gcc/nios2-elf/4.7.3/../../../../../H-i686-mingw32/nios2-elf/lib\libc.a(lib_a-reallocr.o)
 .bss           0x05092960        0x0 d:/altera13.1/nios2eds/bin/gnu/h-i686-mingw32/bin/../lib/gcc/nios2-elf/4.7.3/../../../../../H-i686-mingw32/nios2-elf/lib\libc.a(lib_a-s_isinfd.o)
 .bss           0x05092960        0x0 d:/altera13.1/nios2eds/bin/gnu/h-i686-mingw32/bin/../lib/gcc/nios2-elf/4.7.3/../../../../../H-i686-mingw32/nios2-elf/lib\libc.a(lib_a-s_isnand.o)
 .bss           0x05092960        0x0 d:/altera13.1/nios2eds/bin/gnu/h-i686-mingw32/bin/../lib/gcc/nios2-elf/4.7.3/../../../../../H-i686-mingw32/nios2-elf/lib\libc.a(lib_a-sbrkr.o)
 .bss           0x05092960        0x0 d:/altera13.1/nios2eds/bin/gnu/h-i686-mingw32/bin/../lib/gcc/nios2-elf/4.7.3/../../../../../H-i686-mingw32/nios2-elf/lib\libc.a(lib_a-stdio.o)
 .bss           0x05092960        0x0 d:/altera13.1/nios2eds/bin/gnu/h-i686-mingw32/bin/../lib/gcc/nios2-elf/4.7.3/../../../../../H-i686-mingw32/nios2-elf/lib\libc.a(lib_a-strcmp.o)
 .bss           0x05092960        0x0 d:/altera13.1/nios2eds/bin/gnu/h-i686-mingw32/bin/../lib/gcc/nios2-elf/4.7.3/../../../../../H-i686-mingw32/nios2-elf/lib\libc.a(lib_a-writer.o)
 .bss           0x05092960        0x0 d:/altera13.1/nios2eds/bin/gnu/h-i686-mingw32/bin/../lib/gcc/nios2-elf/4.7.3/../../../../../H-i686-mingw32/nios2-elf/lib\libc.a(lib_a-callocr.o)
 .bss           0x05092960        0x0 d:/altera13.1/nios2eds/bin/gnu/h-i686-mingw32/bin/../lib/gcc/nios2-elf/4.7.3/../../../../../H-i686-mingw32/nios2-elf/lib\libc.a(lib_a-closer.o)
 .bss           0x05092960        0x0 d:/altera13.1/nios2eds/bin/gnu/h-i686-mingw32/bin/../lib/gcc/nios2-elf/4.7.3/../../../../../H-i686-mingw32/nios2-elf/lib\libc.a(lib_a-fclose.o)
 .bss           0x05092960        0x0 d:/altera13.1/nios2eds/bin/gnu/h-i686-mingw32/bin/../lib/gcc/nios2-elf/4.7.3/../../../../../H-i686-mingw32/nios2-elf/lib\libc.a(lib_a-fstatr.o)
 .bss           0x05092960        0x0 d:/altera13.1/nios2eds/bin/gnu/h-i686-mingw32/bin/../lib/gcc/nios2-elf/4.7.3/../../../../../H-i686-mingw32/nios2-elf/lib\libc.a(lib_a-int_errno.o)
 .bss           0x05092960        0x0 d:/altera13.1/nios2eds/bin/gnu/h-i686-mingw32/bin/../lib/gcc/nios2-elf/4.7.3/../../../../../H-i686-mingw32/nios2-elf/lib\libc.a(lib_a-isattyr.o)
 .bss           0x05092960        0x0 d:/altera13.1/nios2eds/bin/gnu/h-i686-mingw32/bin/../lib/gcc/nios2-elf/4.7.3/../../../../../H-i686-mingw32/nios2-elf/lib\libc.a(lib_a-lseekr.o)
 .bss           0x05092960        0x0 d:/altera13.1/nios2eds/bin/gnu/h-i686-mingw32/bin/../lib/gcc/nios2-elf/4.7.3/../../../../../H-i686-mingw32/nios2-elf/lib\libc.a(lib_a-readr.o)
 .bss           0x05092960        0x0 d:/altera13.1/nios2eds/bin/gnu/h-i686-mingw32/bin/../lib/gcc/nios2-elf/4.7.3\libgcc.a(_udivdi3.o)
 .bss           0x05092960        0x0 d:/altera13.1/nios2eds/bin/gnu/h-i686-mingw32/bin/../lib/gcc/nios2-elf/4.7.3\libgcc.a(_umoddi3.o)
 .bss           0x05092960        0x0 d:/altera13.1/nios2eds/bin/gnu/h-i686-mingw32/bin/../lib/gcc/nios2-elf/4.7.3\libgcc.a(_addsub_df.o)
 .bss           0x05092960        0x0 d:/altera13.1/nios2eds/bin/gnu/h-i686-mingw32/bin/../lib/gcc/nios2-elf/4.7.3\libgcc.a(_mul_df.o)
 .bss           0x05092960        0x0 d:/altera13.1/nios2eds/bin/gnu/h-i686-mingw32/bin/../lib/gcc/nios2-elf/4.7.3\libgcc.a(_div_df.o)
 .bss           0x05092960        0x0 d:/altera13.1/nios2eds/bin/gnu/h-i686-mingw32/bin/../lib/gcc/nios2-elf/4.7.3\libgcc.a(_eq_df.o)
 .bss           0x05092960        0x0 d:/altera13.1/nios2eds/bin/gnu/h-i686-mingw32/bin/../lib/gcc/nios2-elf/4.7.3\libgcc.a(_ne_df.o)
 .bss           0x05092960        0x0 d:/altera13.1/nios2eds/bin/gnu/h-i686-mingw32/bin/../lib/gcc/nios2-elf/4.7.3\libgcc.a(_gt_df.o)
 .bss           0x05092960        0x0 d:/altera13.1/nios2eds/bin/gnu/h-i686-mingw32/bin/../lib/gcc/nios2-elf/4.7.3\libgcc.a(_ge_df.o)
 .bss           0x05092960        0x0 d:/altera13.1/nios2eds/bin/gnu/h-i686-mingw32/bin/../lib/gcc/nios2-elf/4.7.3\libgcc.a(_lt_df.o)
 .bss           0x05092960        0x0 d:/altera13.1/nios2eds/bin/gnu/h-i686-mingw32/bin/../lib/gcc/nios2-elf/4.7.3\libgcc.a(_si_to_df.o)
 .bss           0x05092960        0x0 d:/altera13.1/nios2eds/bin/gnu/h-i686-mingw32/bin/../lib/gcc/nios2-elf/4.7.3\libgcc.a(_df_to_si.o)
 .bss           0x05092960        0x0 d:/altera13.1/nios2eds/bin/gnu/h-i686-mingw32/bin/../lib/gcc/nios2-elf/4.7.3\libgcc.a(_thenan_df.o)
 .bss           0x05092960        0x0 d:/altera13.1/nios2eds/bin/gnu/h-i686-mingw32/bin/../lib/gcc/nios2-elf/4.7.3\libgcc.a(_usi_to_df.o)
 .bss           0x05092960        0x0 d:/altera13.1/nios2eds/bin/gnu/h-i686-mingw32/bin/../lib/gcc/nios2-elf/4.7.3\libgcc.a(_muldi3.o)
 .bss           0x05092960        0x0 d:/altera13.1/nios2eds/bin/gnu/h-i686-mingw32/bin/../lib/gcc/nios2-elf/4.7.3\libgcc.a(_clz.o)
 .bss           0x05092960        0x0 d:/altera13.1/nios2eds/bin/gnu/h-i686-mingw32/bin/../lib/gcc/nios2-elf/4.7.3\libgcc.a(_clzsi2.o)
 .bss           0x05092960        0x0 d:/altera13.1/nios2eds/bin/gnu/h-i686-mingw32/bin/../lib/gcc/nios2-elf/4.7.3\libgcc.a(_pack_df.o)
 .bss           0x05092960        0x0 d:/altera13.1/nios2eds/bin/gnu/h-i686-mingw32/bin/../lib/gcc/nios2-elf/4.7.3\libgcc.a(_unpack_df.o)
 .bss           0x05092960        0x0 d:/altera13.1/nios2eds/bin/gnu/h-i686-mingw32/bin/../lib/gcc/nios2-elf/4.7.3\libgcc.a(_fpcmp_parts_df.o)
 .bss           0x05092960        0x0 d:/altera13.1/nios2eds/bin/gnu/h-i686-mingw32/bin/../lib/gcc/nios2-elf/4.7.3\libgcc.a(_lshrdi3.o)
 .bss           0x05092960        0x0 d:/altera13.1/nios2eds/bin/gnu/h-i686-mingw32/bin/../lib/gcc/nios2-elf/4.7.3\libgcc.a(_ashldi3.o)
 .bss           0x05092960        0x0 ../DE1_SoC_Audio_bsp/\libhal_bsp.a(alt_close.o)
 .bss           0x05092960        0x0 ../DE1_SoC_Audio_bsp/\libhal_bsp.a(alt_dev.o)
 .bss           0x05092960        0x0 ../DE1_SoC_Audio_bsp/\libhal_bsp.a(alt_errno.o)
 .bss           0x05092960        0x0 ../DE1_SoC_Audio_bsp/\libhal_bsp.a(alt_fstat.o)
 .bss           0x05092960        0x0 ../DE1_SoC_Audio_bsp/\libhal_bsp.a(alt_irq_register.o)
 .bss           0x05092960        0x0 ../DE1_SoC_Audio_bsp/\libhal_bsp.a(alt_irq_vars.o)
 .bss           0x05092960        0x0 ../DE1_SoC_Audio_bsp/\libhal_bsp.a(alt_isatty.o)
 .bss           0x05092960        0x0 ../DE1_SoC_Audio_bsp/\libhal_bsp.a(alt_load.o)
 .bss           0x05092960        0x0 ../DE1_SoC_Audio_bsp/\libhal_bsp.a(alt_lseek.o)
 .bss           0x05092960        0x0 ../DE1_SoC_Audio_bsp/\libhal_bsp.a(alt_main.o)
 .bss           0x05092960        0x0 ../DE1_SoC_Audio_bsp/\libhal_bsp.a(alt_malloc_lock.o)
 .bss           0x05092960        0x0 ../DE1_SoC_Audio_bsp/\libhal_bsp.a(alt_read.o)
 .bss           0x05092960        0x0 ../DE1_SoC_Audio_bsp/\libhal_bsp.a(alt_release_fd.o)
 .bss           0x05092960        0x0 ../DE1_SoC_Audio_bsp/\libhal_bsp.a(alt_sbrk.o)
 .bss           0x05092960        0x0 ../DE1_SoC_Audio_bsp/\libhal_bsp.a(alt_usleep.o)
 .bss           0x05092960        0x0 ../DE1_SoC_Audio_bsp/\libhal_bsp.a(alt_write.o)
 .bss           0x05092960        0x0 ../DE1_SoC_Audio_bsp/\libhal_bsp.a(alt_sys_init.o)
 .bss           0x05092960        0x0 ../DE1_SoC_Audio_bsp/\libhal_bsp.a(altera_avalon_jtag_uart_fd.o)
 .bss           0x05092960        0x0 ../DE1_SoC_Audio_bsp/\libhal_bsp.a(altera_avalon_jtag_uart_init.o)
 .bss           0x05092960        0x0 ../DE1_SoC_Audio_bsp/\libhal_bsp.a(altera_avalon_jtag_uart_ioctl.o)
 .bss           0x05092960        0x0 ../DE1_SoC_Audio_bsp/\libhal_bsp.a(altera_avalon_jtag_uart_read.o)
 .bss           0x05092960        0x0 ../DE1_SoC_Audio_bsp/\libhal_bsp.a(altera_avalon_jtag_uart_write.o)
 .bss           0x05092960        0x0 ../DE1_SoC_Audio_bsp/\libhal_bsp.a(altera_avalon_timer_sc.o)
 .bss           0x05092960        0x0 ../DE1_SoC_Audio_bsp/\libhal_bsp.a(alt_alarm_start.o)
 .bss           0x05092960        0x0 ../DE1_SoC_Audio_bsp/\libhal_bsp.a(alt_busy_sleep.o)
 .bss           0x05092960        0x0 ../DE1_SoC_Audio_bsp/\libhal_bsp.a(alt_dcache_flush_all.o)
 .bss           0x05092960        0x0 ../DE1_SoC_Audio_bsp/\libhal_bsp.a(alt_dev_llist_insert.o)
 .bss           0x05092960        0x0 ../DE1_SoC_Audio_bsp/\libhal_bsp.a(alt_do_ctors.o)
 .bss           0x05092960        0x0 ../DE1_SoC_Audio_bsp/\libhal_bsp.a(alt_do_dtors.o)
 .bss           0x05092960        0x0 ../DE1_SoC_Audio_bsp/\libhal_bsp.a(alt_icache_flush_all.o)
 .bss           0x05092960        0x0 ../DE1_SoC_Audio_bsp/\libhal_bsp.a(alt_iic.o)
 .bss           0x05092960        0x0 ../DE1_SoC_Audio_bsp/\libhal_bsp.a(alt_iic_isr_register.o)
 .bss           0x05092960        0x0 ../DE1_SoC_Audio_bsp/\libhal_bsp.a(alt_io_redirect.o)
 .bss           0x05092960        0x0 ../DE1_SoC_Audio_bsp/\libhal_bsp.a(alt_irq_entry.o)
 .bss           0x05092960        0x0 ../DE1_SoC_Audio_bsp/\libhal_bsp.a(alt_irq_handler.o)
 .bss           0x05092960        0x0 ../DE1_SoC_Audio_bsp/\libhal_bsp.a(alt_open.o)
 .bss           0x05092960        0x0 ../DE1_SoC_Audio_bsp/\libhal_bsp.a(alt_tick.o)
 .bss           0x05092960        0x0 ../DE1_SoC_Audio_bsp/\libhal_bsp.a(altera_nios2_qsys_irq.o)
 .bss           0x05092960        0x0 ../DE1_SoC_Audio_bsp/\libhal_bsp.a(alt_exception_entry.o)
 .bss           0x05092960        0x0 ../DE1_SoC_Audio_bsp/\libhal_bsp.a(alt_find_dev.o)
 .bss           0x05092960        0x0 ../DE1_SoC_Audio_bsp/\libhal_bsp.a(alt_find_file.o)
 .bss           0x05092960        0x0 ../DE1_SoC_Audio_bsp/\libhal_bsp.a(alt_get_fd.o)
 .bss           0x05092960        0x0 ../DE1_SoC_Audio_bsp/\libhal_bsp.a(alt_icache_flush.o)
 .bss           0x05092960        0x0 d:/altera13.1/nios2eds/bin/gnu/h-i686-mingw32/bin/../lib/gcc/nios2-elf/4.7.3/../../../../../H-i686-mingw32/nios2-elf/lib\libc.a(lib_a-atexit.o)
 .bss           0x05092960        0x0 d:/altera13.1/nios2eds/bin/gnu/h-i686-mingw32/bin/../lib/gcc/nios2-elf/4.7.3/../../../../../H-i686-mingw32/nios2-elf/lib\libc.a(lib_a-exit.o)
 .bss           0x05092960        0x0 d:/altera13.1/nios2eds/bin/gnu/h-i686-mingw32/bin/../lib/gcc/nios2-elf/4.7.3/../../../../../H-i686-mingw32/nios2-elf/lib\libc.a(lib_a-memcmp.o)
 .bss           0x05092960        0x0 d:/altera13.1/nios2eds/bin/gnu/h-i686-mingw32/bin/../lib/gcc/nios2-elf/4.7.3/../../../../../H-i686-mingw32/nios2-elf/lib\libc.a(lib_a-__atexit.o)
 .bss           0x05092960        0x0 d:/altera13.1/nios2eds/bin/gnu/h-i686-mingw32/bin/../lib/gcc/nios2-elf/4.7.3/../../../../../H-i686-mingw32/nios2-elf/lib\libc.a(lib_a-__call_atexit.o)
 .bss           0x05092960        0x0 ../DE1_SoC_Audio_bsp/\libhal_bsp.a(alt_exit.o)
 *(COMMON)
 COMMON         0x05092960      0x100 ../DE1_SoC_Audio_bsp/\libhal_bsp.a(alt_irq_handler.o)
                0x05092960                alt_irq
 COMMON         0x05092a60      0x190 d:/altera13.1/nios2eds/bin/gnu/h-i686-mingw32/bin/../lib/gcc/nios2-elf/4.7.3/../../../../../H-i686-mingw32/nios2-elf/lib\libc.a(lib_a-atexit.o)
                0x05092a60                _atexit0
                0x05092bf0                . = ALIGN (0x4)
                0x05092bf0                __bss_end = ABSOLUTE (.)

.sdram          0x00000000        0x0 load address 0x05092bf0
                0x00000000                PROVIDE (_alt_partition_sdram_start, ABSOLUTE (.))
 *(.sdram .sdram. sdram.*)
                0x00000000                . = ALIGN (0x4)
                0x00000000                PROVIDE (_alt_partition_sdram_end, ABSOLUTE (.))
                0x05092bf0                PROVIDE (_alt_partition_sdram_load_addr, LOADADDR (.sdram))

.onchip_memory2
                0x05092bf0        0x0
                0x05092bf0                PROVIDE (_alt_partition_onchip_memory2_start, ABSOLUTE (.))
 *(.onchip_memory2 .onchip_memory2. onchip_memory2.*)
                0x05092bf0                . = ALIGN (0x4)
                0x05092bf0                PROVIDE (_alt_partition_onchip_memory2_end, ABSOLUTE (.))
                0x05092bf0                _end = ABSOLUTE (.)
                0x05092bf0                end = ABSOLUTE (.)
                0x05092bf0                __alt_stack_base = ABSOLUTE (.)
                0x05092bf0                PROVIDE (_alt_partition_onchip_memory2_load_addr, LOADADDR (.onchip_memory2))

.stab
 *(.stab)

.stabstr
 *(.stabstr)

.stab.excl
 *(.stab.excl)

.stab.exclstr
 *(.stab.exclstr)

.stab.index
 *(.stab.index)

.stab.indexstr
 *(.stab.indexstr)

.comment        0x00000000       0x23
 *(.comment)
 .comment       0x00000000       0x23 obj/default/AUDIO.o
                                 0x24 (size before relaxing)
 .comment       0x00000000       0x24 obj/default/I2C.o
 .comment       0x00000000       0x24 obj/default/LED.o
 .comment       0x00000000       0x24 obj/default/SEG7.o
 .comment       0x00000000       0x24 obj/default/debug.o
 .comment       0x00000000       0x24 obj/default/main.o
 .comment       0x00000000       0x24 d:/altera13.1/nios2eds/bin/gnu/h-i686-mingw32/bin/../lib/gcc/nios2-elf/4.7.3\libgcc.a(lib2-divmod.o)
 .comment       0x00000000       0x24 d:/altera13.1/nios2eds/bin/gnu/h-i686-mingw32/bin/../lib/gcc/nios2-elf/4.7.3/../../../../../H-i686-mingw32/nios2-elf/lib\libc.a(lib_a-printf.o)
 .comment       0x00000000       0x24 d:/altera13.1/nios2eds/bin/gnu/h-i686-mingw32/bin/../lib/gcc/nios2-elf/4.7.3/../../../../../H-i686-mingw32/nios2-elf/lib\libc.a(lib_a-puts.o)
 .comment       0x00000000       0x24 d:/altera13.1/nios2eds/bin/gnu/h-i686-mingw32/bin/../lib/gcc/nios2-elf/4.7.3/../../../../../H-i686-mingw32/nios2-elf/lib\libc.a(lib_a-sprintf.o)
 .comment       0x00000000       0x24 d:/altera13.1/nios2eds/bin/gnu/h-i686-mingw32/bin/../lib/gcc/nios2-elf/4.7.3/../../../../../H-i686-mingw32/nios2-elf/lib\libc.a(lib_a-strlen.o)
 .comment       0x00000000       0x24 d:/altera13.1/nios2eds/bin/gnu/h-i686-mingw32/bin/../lib/gcc/nios2-elf/4.7.3/../../../../../H-i686-mingw32/nios2-elf/lib\libc.a(lib_a-vfprintf.o)
 .comment       0x00000000       0x24 d:/altera13.1/nios2eds/bin/gnu/h-i686-mingw32/bin/../lib/gcc/nios2-elf/4.7.3/../../../../../H-i686-mingw32/nios2-elf/lib\libc.a(lib_a-vsnprintf.o)
 .comment       0x00000000       0x24 d:/altera13.1/nios2eds/bin/gnu/h-i686-mingw32/bin/../lib/gcc/nios2-elf/4.7.3/../../../../../H-i686-mingw32/nios2-elf/lib\libc.a(lib_a-wsetup.o)
 .comment       0x00000000       0x24 d:/altera13.1/nios2eds/bin/gnu/h-i686-mingw32/bin/../lib/gcc/nios2-elf/4.7.3/../../../../../H-i686-mingw32/nios2-elf/lib\libc.a(lib_a-dtoa.o)
 .comment       0x00000000       0x24 d:/altera13.1/nios2eds/bin/gnu/h-i686-mingw32/bin/../lib/gcc/nios2-elf/4.7.3/../../../../../H-i686-mingw32/nios2-elf/lib\libc.a(lib_a-fflush.o)
 .comment       0x00000000       0x24 d:/altera13.1/nios2eds/bin/gnu/h-i686-mingw32/bin/../lib/gcc/nios2-elf/4.7.3/../../../../../H-i686-mingw32/nios2-elf/lib\libc.a(lib_a-findfp.o)
 .comment       0x00000000       0x24 d:/altera13.1/nios2eds/bin/gnu/h-i686-mingw32/bin/../lib/gcc/nios2-elf/4.7.3/../../../../../H-i686-mingw32/nios2-elf/lib\libc.a(lib_a-freer.o)
 .comment       0x00000000       0x24 d:/altera13.1/nios2eds/bin/gnu/h-i686-mingw32/bin/../lib/gcc/nios2-elf/4.7.3/../../../../../H-i686-mingw32/nios2-elf/lib\libc.a(lib_a-fvwrite.o)
 .comment       0x00000000       0x24 d:/altera13.1/nios2eds/bin/gnu/h-i686-mingw32/bin/../lib/gcc/nios2-elf/4.7.3/../../../../../H-i686-mingw32/nios2-elf/lib\libc.a(lib_a-fwalk.o)
 .comment       0x00000000       0x24 d:/altera13.1/nios2eds/bin/gnu/h-i686-mingw32/bin/../lib/gcc/nios2-elf/4.7.3/../../../../../H-i686-mingw32/nios2-elf/lib\libc.a(lib_a-impure.o)
 .comment       0x00000000       0x24 d:/altera13.1/nios2eds/bin/gnu/h-i686-mingw32/bin/../lib/gcc/nios2-elf/4.7.3/../../../../../H-i686-mingw32/nios2-elf/lib\libc.a(lib_a-locale.o)
 .comment       0x00000000       0x24 d:/altera13.1/nios2eds/bin/gnu/h-i686-mingw32/bin/../lib/gcc/nios2-elf/4.7.3/../../../../../H-i686-mingw32/nios2-elf/lib\libc.a(lib_a-makebuf.o)
 .comment       0x00000000       0x24 d:/altera13.1/nios2eds/bin/gnu/h-i686-mingw32/bin/../lib/gcc/nios2-elf/4.7.3/../../../../../H-i686-mingw32/nios2-elf/lib\libc.a(lib_a-mallocr.o)
 .comment       0x00000000       0x24 d:/altera13.1/nios2eds/bin/gnu/h-i686-mingw32/bin/../lib/gcc/nios2-elf/4.7.3/../../../../../H-i686-mingw32/nios2-elf/lib\libc.a(lib_a-memchr.o)
 .comment       0x00000000       0x24 d:/altera13.1/nios2eds/bin/gnu/h-i686-mingw32/bin/../lib/gcc/nios2-elf/4.7.3/../../../../../H-i686-mingw32/nios2-elf/lib\libc.a(lib_a-memcpy.o)
 .comment       0x00000000       0x24 d:/altera13.1/nios2eds/bin/gnu/h-i686-mingw32/bin/../lib/gcc/nios2-elf/4.7.3/../../../../../H-i686-mingw32/nios2-elf/lib\libc.a(lib_a-memmove.o)
 .comment       0x00000000       0x24 d:/altera13.1/nios2eds/bin/gnu/h-i686-mingw32/bin/../lib/gcc/nios2-elf/4.7.3/../../../../../H-i686-mingw32/nios2-elf/lib\libc.a(lib_a-memset.o)
 .comment       0x00000000       0x24 d:/altera13.1/nios2eds/bin/gnu/h-i686-mingw32/bin/../lib/gcc/nios2-elf/4.7.3/../../../../../H-i686-mingw32/nios2-elf/lib\libc.a(lib_a-mprec.o)
 .comment       0x00000000       0x24 d:/altera13.1/nios2eds/bin/gnu/h-i686-mingw32/bin/../lib/gcc/nios2-elf/4.7.3/../../../../../H-i686-mingw32/nios2-elf/lib\libc.a(lib_a-reallocr.o)
 .comment       0x00000000       0x24 d:/altera13.1/nios2eds/bin/gnu/h-i686-mingw32/bin/../lib/gcc/nios2-elf/4.7.3/../../../../../H-i686-mingw32/nios2-elf/lib\libc.a(lib_a-s_isinfd.o)
 .comment       0x00000000       0x24 d:/altera13.1/nios2eds/bin/gnu/h-i686-mingw32/bin/../lib/gcc/nios2-elf/4.7.3/../../../../../H-i686-mingw32/nios2-elf/lib\libc.a(lib_a-s_isnand.o)
 .comment       0x00000000       0x24 d:/altera13.1/nios2eds/bin/gnu/h-i686-mingw32/bin/../lib/gcc/nios2-elf/4.7.3/../../../../../H-i686-mingw32/nios2-elf/lib\libc.a(lib_a-sbrkr.o)
 .comment       0x00000000       0x24 d:/altera13.1/nios2eds/bin/gnu/h-i686-mingw32/bin/../lib/gcc/nios2-elf/4.7.3/../../../../../H-i686-mingw32/nios2-elf/lib\libc.a(lib_a-stdio.o)
 .comment       0x00000000       0x24 d:/altera13.1/nios2eds/bin/gnu/h-i686-mingw32/bin/../lib/gcc/nios2-elf/4.7.3/../../../../../H-i686-mingw32/nios2-elf/lib\libc.a(lib_a-strcmp.o)
 .comment       0x00000000       0x24 d:/altera13.1/nios2eds/bin/gnu/h-i686-mingw32/bin/../lib/gcc/nios2-elf/4.7.3/../../../../../H-i686-mingw32/nios2-elf/lib\libc.a(lib_a-writer.o)
 .comment       0x00000000       0x24 d:/altera13.1/nios2eds/bin/gnu/h-i686-mingw32/bin/../lib/gcc/nios2-elf/4.7.3/../../../../../H-i686-mingw32/nios2-elf/lib\libc.a(lib_a-callocr.o)
 .comment       0x00000000       0x24 d:/altera13.1/nios2eds/bin/gnu/h-i686-mingw32/bin/../lib/gcc/nios2-elf/4.7.3/../../../../../H-i686-mingw32/nios2-elf/lib\libc.a(lib_a-closer.o)
 .comment       0x00000000       0x24 d:/altera13.1/nios2eds/bin/gnu/h-i686-mingw32/bin/../lib/gcc/nios2-elf/4.7.3/../../../../../H-i686-mingw32/nios2-elf/lib\libc.a(lib_a-fclose.o)
 .comment       0x00000000       0x24 d:/altera13.1/nios2eds/bin/gnu/h-i686-mingw32/bin/../lib/gcc/nios2-elf/4.7.3/../../../../../H-i686-mingw32/nios2-elf/lib\libc.a(lib_a-fstatr.o)
 .comment       0x00000000       0x24 d:/altera13.1/nios2eds/bin/gnu/h-i686-mingw32/bin/../lib/gcc/nios2-elf/4.7.3/../../../../../H-i686-mingw32/nios2-elf/lib\libc.a(lib_a-int_errno.o)
 .comment       0x00000000       0x24 d:/altera13.1/nios2eds/bin/gnu/h-i686-mingw32/bin/../lib/gcc/nios2-elf/4.7.3/../../../../../H-i686-mingw32/nios2-elf/lib\libc.a(lib_a-isattyr.o)
 .comment       0x00000000       0x24 d:/altera13.1/nios2eds/bin/gnu/h-i686-mingw32/bin/../lib/gcc/nios2-elf/4.7.3/../../../../../H-i686-mingw32/nios2-elf/lib\libc.a(lib_a-lseekr.o)
 .comment       0x00000000       0x24 d:/altera13.1/nios2eds/bin/gnu/h-i686-mingw32/bin/../lib/gcc/nios2-elf/4.7.3/../../../../../H-i686-mingw32/nios2-elf/lib\libc.a(lib_a-readr.o)
 .comment       0x00000000       0x24 d:/altera13.1/nios2eds/bin/gnu/h-i686-mingw32/bin/../lib/gcc/nios2-elf/4.7.3\libgcc.a(_udivdi3.o)
 .comment       0x00000000       0x24 d:/altera13.1/nios2eds/bin/gnu/h-i686-mingw32/bin/../lib/gcc/nios2-elf/4.7.3\libgcc.a(_umoddi3.o)
 .comment       0x00000000       0x24 d:/altera13.1/nios2eds/bin/gnu/h-i686-mingw32/bin/../lib/gcc/nios2-elf/4.7.3\libgcc.a(_addsub_df.o)
 .comment       0x00000000       0x24 d:/altera13.1/nios2eds/bin/gnu/h-i686-mingw32/bin/../lib/gcc/nios2-elf/4.7.3\libgcc.a(_mul_df.o)
 .comment       0x00000000       0x24 d:/altera13.1/nios2eds/bin/gnu/h-i686-mingw32/bin/../lib/gcc/nios2-elf/4.7.3\libgcc.a(_div_df.o)
 .comment       0x00000000       0x24 d:/altera13.1/nios2eds/bin/gnu/h-i686-mingw32/bin/../lib/gcc/nios2-elf/4.7.3\libgcc.a(_eq_df.o)
 .comment       0x00000000       0x24 d:/altera13.1/nios2eds/bin/gnu/h-i686-mingw32/bin/../lib/gcc/nios2-elf/4.7.3\libgcc.a(_ne_df.o)
 .comment       0x00000000       0x24 d:/altera13.1/nios2eds/bin/gnu/h-i686-mingw32/bin/../lib/gcc/nios2-elf/4.7.3\libgcc.a(_gt_df.o)
 .comment       0x00000000       0x24 d:/altera13.1/nios2eds/bin/gnu/h-i686-mingw32/bin/../lib/gcc/nios2-elf/4.7.3\libgcc.a(_ge_df.o)
 .comment       0x00000000       0x24 d:/altera13.1/nios2eds/bin/gnu/h-i686-mingw32/bin/../lib/gcc/nios2-elf/4.7.3\libgcc.a(_lt_df.o)
 .comment       0x00000000       0x24 d:/altera13.1/nios2eds/bin/gnu/h-i686-mingw32/bin/../lib/gcc/nios2-elf/4.7.3\libgcc.a(_si_to_df.o)
 .comment       0x00000000       0x24 d:/altera13.1/nios2eds/bin/gnu/h-i686-mingw32/bin/../lib/gcc/nios2-elf/4.7.3\libgcc.a(_df_to_si.o)
 .comment       0x00000000       0x24 d:/altera13.1/nios2eds/bin/gnu/h-i686-mingw32/bin/../lib/gcc/nios2-elf/4.7.3\libgcc.a(_thenan_df.o)
 .comment       0x00000000       0x24 d:/altera13.1/nios2eds/bin/gnu/h-i686-mingw32/bin/../lib/gcc/nios2-elf/4.7.3\libgcc.a(_usi_to_df.o)
 .comment       0x00000000       0x24 d:/altera13.1/nios2eds/bin/gnu/h-i686-mingw32/bin/../lib/gcc/nios2-elf/4.7.3\libgcc.a(_muldi3.o)
 .comment       0x00000000       0x24 d:/altera13.1/nios2eds/bin/gnu/h-i686-mingw32/bin/../lib/gcc/nios2-elf/4.7.3\libgcc.a(_clz.o)
 .comment       0x00000000       0x24 d:/altera13.1/nios2eds/bin/gnu/h-i686-mingw32/bin/../lib/gcc/nios2-elf/4.7.3\libgcc.a(_clzsi2.o)
 .comment       0x00000000       0x24 d:/altera13.1/nios2eds/bin/gnu/h-i686-mingw32/bin/../lib/gcc/nios2-elf/4.7.3\libgcc.a(_pack_df.o)
 .comment       0x00000000       0x24 d:/altera13.1/nios2eds/bin/gnu/h-i686-mingw32/bin/../lib/gcc/nios2-elf/4.7.3\libgcc.a(_unpack_df.o)
 .comment       0x00000000       0x24 d:/altera13.1/nios2eds/bin/gnu/h-i686-mingw32/bin/../lib/gcc/nios2-elf/4.7.3\libgcc.a(_fpcmp_parts_df.o)
 .comment       0x00000000       0x24 d:/altera13.1/nios2eds/bin/gnu/h-i686-mingw32/bin/../lib/gcc/nios2-elf/4.7.3\libgcc.a(_lshrdi3.o)
 .comment       0x00000000       0x24 d:/altera13.1/nios2eds/bin/gnu/h-i686-mingw32/bin/../lib/gcc/nios2-elf/4.7.3\libgcc.a(_ashldi3.o)
 .comment       0x00000000       0x24 ../DE1_SoC_Audio_bsp/\libhal_bsp.a(alt_close.o)
 .comment       0x00000000       0x24 ../DE1_SoC_Audio_bsp/\libhal_bsp.a(alt_dev.o)
 .comment       0x00000000       0x24 ../DE1_SoC_Audio_bsp/\libhal_bsp.a(alt_errno.o)
 .comment       0x00000000       0x24 ../DE1_SoC_Audio_bsp/\libhal_bsp.a(alt_fstat.o)
 .comment       0x00000000       0x24 ../DE1_SoC_Audio_bsp/\libhal_bsp.a(alt_irq_register.o)
 .comment       0x00000000       0x24 ../DE1_SoC_Audio_bsp/\libhal_bsp.a(alt_irq_vars.o)
 .comment       0x00000000       0x24 ../DE1_SoC_Audio_bsp/\libhal_bsp.a(alt_isatty.o)
 .comment       0x00000000       0x24 ../DE1_SoC_Audio_bsp/\libhal_bsp.a(alt_load.o)
 .comment       0x00000000       0x24 ../DE1_SoC_Audio_bsp/\libhal_bsp.a(alt_lseek.o)
 .comment       0x00000000       0x24 ../DE1_SoC_Audio_bsp/\libhal_bsp.a(alt_main.o)
 .comment       0x00000000       0x24 ../DE1_SoC_Audio_bsp/\libhal_bsp.a(alt_malloc_lock.o)
 .comment       0x00000000       0x24 ../DE1_SoC_Audio_bsp/\libhal_bsp.a(alt_read.o)
 .comment       0x00000000       0x24 ../DE1_SoC_Audio_bsp/\libhal_bsp.a(alt_release_fd.o)
 .comment       0x00000000       0x24 ../DE1_SoC_Audio_bsp/\libhal_bsp.a(alt_sbrk.o)
 .comment       0x00000000       0x24 ../DE1_SoC_Audio_bsp/\libhal_bsp.a(alt_usleep.o)
 .comment       0x00000000       0x24 ../DE1_SoC_Audio_bsp/\libhal_bsp.a(alt_write.o)
 .comment       0x00000000       0x24 ../DE1_SoC_Audio_bsp/\libhal_bsp.a(alt_sys_init.o)
 .comment       0x00000000       0x24 ../DE1_SoC_Audio_bsp/\libhal_bsp.a(altera_avalon_jtag_uart_fd.o)
 .comment       0x00000000       0x24 ../DE1_SoC_Audio_bsp/\libhal_bsp.a(altera_avalon_jtag_uart_init.o)
 .comment       0x00000000       0x24 ../DE1_SoC_Audio_bsp/\libhal_bsp.a(altera_avalon_jtag_uart_ioctl.o)
 .comment       0x00000000       0x24 ../DE1_SoC_Audio_bsp/\libhal_bsp.a(altera_avalon_jtag_uart_read.o)
 .comment       0x00000000       0x24 ../DE1_SoC_Audio_bsp/\libhal_bsp.a(altera_avalon_jtag_uart_write.o)
 .comment       0x00000000       0x24 ../DE1_SoC_Audio_bsp/\libhal_bsp.a(altera_avalon_timer_sc.o)
 .comment       0x00000000       0x24 ../DE1_SoC_Audio_bsp/\libhal_bsp.a(alt_alarm_start.o)
 .comment       0x00000000       0x24 ../DE1_SoC_Audio_bsp/\libhal_bsp.a(alt_busy_sleep.o)
 .comment       0x00000000       0x24 ../DE1_SoC_Audio_bsp/\libhal_bsp.a(alt_dcache_flush_all.o)
 .comment       0x00000000       0x24 ../DE1_SoC_Audio_bsp/\libhal_bsp.a(alt_dev_llist_insert.o)
 .comment       0x00000000       0x24 ../DE1_SoC_Audio_bsp/\libhal_bsp.a(alt_do_ctors.o)
 .comment       0x00000000       0x24 ../DE1_SoC_Audio_bsp/\libhal_bsp.a(alt_do_dtors.o)
 .comment       0x00000000       0x24 ../DE1_SoC_Audio_bsp/\libhal_bsp.a(alt_icache_flush_all.o)
 .comment       0x00000000       0x24 ../DE1_SoC_Audio_bsp/\libhal_bsp.a(alt_iic.o)
 .comment       0x00000000       0x24 ../DE1_SoC_Audio_bsp/\libhal_bsp.a(alt_iic_isr_register.o)
 .comment       0x00000000       0x24 ../DE1_SoC_Audio_bsp/\libhal_bsp.a(alt_io_redirect.o)
 .comment       0x00000000       0x24 ../DE1_SoC_Audio_bsp/\libhal_bsp.a(alt_irq_handler.o)
 .comment       0x00000000       0x24 ../DE1_SoC_Audio_bsp/\libhal_bsp.a(alt_open.o)
 .comment       0x00000000       0x24 ../DE1_SoC_Audio_bsp/\libhal_bsp.a(alt_tick.o)
 .comment       0x00000000       0x24 ../DE1_SoC_Audio_bsp/\libhal_bsp.a(altera_nios2_qsys_irq.o)
 .comment       0x00000000       0x24 ../DE1_SoC_Audio_bsp/\libhal_bsp.a(alt_find_dev.o)
 .comment       0x00000000       0x24 ../DE1_SoC_Audio_bsp/\libhal_bsp.a(alt_find_file.o)
 .comment       0x00000000       0x24 ../DE1_SoC_Audio_bsp/\libhal_bsp.a(alt_get_fd.o)
 .comment       0x00000000       0x24 ../DE1_SoC_Audio_bsp/\libhal_bsp.a(alt_icache_flush.o)
 .comment       0x00000000       0x24 d:/altera13.1/nios2eds/bin/gnu/h-i686-mingw32/bin/../lib/gcc/nios2-elf/4.7.3/../../../../../H-i686-mingw32/nios2-elf/lib\libc.a(lib_a-atexit.o)
 .comment       0x00000000       0x24 d:/altera13.1/nios2eds/bin/gnu/h-i686-mingw32/bin/../lib/gcc/nios2-elf/4.7.3/../../../../../H-i686-mingw32/nios2-elf/lib\libc.a(lib_a-exit.o)
 .comment       0x00000000       0x24 d:/altera13.1/nios2eds/bin/gnu/h-i686-mingw32/bin/../lib/gcc/nios2-elf/4.7.3/../../../../../H-i686-mingw32/nios2-elf/lib\libc.a(lib_a-memcmp.o)
 .comment       0x00000000       0x24 d:/altera13.1/nios2eds/bin/gnu/h-i686-mingw32/bin/../lib/gcc/nios2-elf/4.7.3/../../../../../H-i686-mingw32/nios2-elf/lib\libc.a(lib_a-__atexit.o)
 .comment       0x00000000       0x24 d:/altera13.1/nios2eds/bin/gnu/h-i686-mingw32/bin/../lib/gcc/nios2-elf/4.7.3/../../../../../H-i686-mingw32/nios2-elf/lib\libc.a(lib_a-__call_atexit.o)
 .comment       0x00000000       0x24 ../DE1_SoC_Audio_bsp/\libhal_bsp.a(alt_exit.o)

.debug
 *(.debug)

.line
 *(.line)

.debug_srcinfo
 *(.debug_srcinfo)

.debug_sfnames
 *(.debug_sfnames)

.debug_aranges  0x00000000      0xe80
 *(.debug_aranges)
 .debug_aranges
                0x00000000       0x28 ../DE1_SoC_Audio_bsp//obj/HAL/src/crt0.o
 .debug_aranges
                0x00000028       0x20 obj/default/AUDIO.o
 .debug_aranges
                0x00000048       0x20 obj/default/I2C.o
 .debug_aranges
                0x00000068       0x20 obj/default/LED.o
 .debug_aranges
                0x00000088       0x20 obj/default/SEG7.o
 .debug_aranges
                0x000000a8       0x20 obj/default/debug.o
 .debug_aranges
                0x000000c8       0x20 obj/default/main.o
 .debug_aranges
                0x000000e8       0x20 d:/altera13.1/nios2eds/bin/gnu/h-i686-mingw32/bin/../lib/gcc/nios2-elf/4.7.3\libgcc.a(lib2-divmod.o)
 .debug_aranges
                0x00000108       0x20 d:/altera13.1/nios2eds/bin/gnu/h-i686-mingw32/bin/../lib/gcc/nios2-elf/4.7.3/../../../../../H-i686-mingw32/nios2-elf/lib\libc.a(lib_a-printf.o)
 .debug_aranges
                0x00000128       0x20 d:/altera13.1/nios2eds/bin/gnu/h-i686-mingw32/bin/../lib/gcc/nios2-elf/4.7.3/../../../../../H-i686-mingw32/nios2-elf/lib\libc.a(lib_a-puts.o)
 .debug_aranges
                0x00000148       0x20 d:/altera13.1/nios2eds/bin/gnu/h-i686-mingw32/bin/../lib/gcc/nios2-elf/4.7.3/../../../../../H-i686-mingw32/nios2-elf/lib\libc.a(lib_a-sprintf.o)
 .debug_aranges
                0x00000168       0x20 d:/altera13.1/nios2eds/bin/gnu/h-i686-mingw32/bin/../lib/gcc/nios2-elf/4.7.3/../../../../../H-i686-mingw32/nios2-elf/lib\libc.a(lib_a-strlen.o)
 .debug_aranges
                0x00000188       0x20 d:/altera13.1/nios2eds/bin/gnu/h-i686-mingw32/bin/../lib/gcc/nios2-elf/4.7.3/../../../../../H-i686-mingw32/nios2-elf/lib\libc.a(lib_a-vfprintf.o)
 .debug_aranges
                0x000001a8       0x20 d:/altera13.1/nios2eds/bin/gnu/h-i686-mingw32/bin/../lib/gcc/nios2-elf/4.7.3/../../../../../H-i686-mingw32/nios2-elf/lib\libc.a(lib_a-vsnprintf.o)
 .debug_aranges
                0x000001c8       0x20 d:/altera13.1/nios2eds/bin/gnu/h-i686-mingw32/bin/../lib/gcc/nios2-elf/4.7.3/../../../../../H-i686-mingw32/nios2-elf/lib\libc.a(lib_a-wsetup.o)
 .debug_aranges
                0x000001e8       0x20 d:/altera13.1/nios2eds/bin/gnu/h-i686-mingw32/bin/../lib/gcc/nios2-elf/4.7.3/../../../../../H-i686-mingw32/nios2-elf/lib\libc.a(lib_a-dtoa.o)
 .debug_aranges
                0x00000208       0x20 d:/altera13.1/nios2eds/bin/gnu/h-i686-mingw32/bin/../lib/gcc/nios2-elf/4.7.3/../../../../../H-i686-mingw32/nios2-elf/lib\libc.a(lib_a-fflush.o)
 .debug_aranges
                0x00000228       0x20 d:/altera13.1/nios2eds/bin/gnu/h-i686-mingw32/bin/../lib/gcc/nios2-elf/4.7.3/../../../../../H-i686-mingw32/nios2-elf/lib\libc.a(lib_a-findfp.o)
 .debug_aranges
                0x00000248       0x20 d:/altera13.1/nios2eds/bin/gnu/h-i686-mingw32/bin/../lib/gcc/nios2-elf/4.7.3/../../../../../H-i686-mingw32/nios2-elf/lib\libc.a(lib_a-freer.o)
 .debug_aranges
                0x00000268       0x20 d:/altera13.1/nios2eds/bin/gnu/h-i686-mingw32/bin/../lib/gcc/nios2-elf/4.7.3/../../../../../H-i686-mingw32/nios2-elf/lib\libc.a(lib_a-fvwrite.o)
 .debug_aranges
                0x00000288       0x20 d:/altera13.1/nios2eds/bin/gnu/h-i686-mingw32/bin/../lib/gcc/nios2-elf/4.7.3/../../../../../H-i686-mingw32/nios2-elf/lib\libc.a(lib_a-fwalk.o)
 .debug_aranges
                0x000002a8       0x18 d:/altera13.1/nios2eds/bin/gnu/h-i686-mingw32/bin/../lib/gcc/nios2-elf/4.7.3/../../../../../H-i686-mingw32/nios2-elf/lib\libc.a(lib_a-impure.o)
 .debug_aranges
                0x000002c0       0x20 d:/altera13.1/nios2eds/bin/gnu/h-i686-mingw32/bin/../lib/gcc/nios2-elf/4.7.3/../../../../../H-i686-mingw32/nios2-elf/lib\libc.a(lib_a-locale.o)
 .debug_aranges
                0x000002e0       0x20 d:/altera13.1/nios2eds/bin/gnu/h-i686-mingw32/bin/../lib/gcc/nios2-elf/4.7.3/../../../../../H-i686-mingw32/nios2-elf/lib\libc.a(lib_a-makebuf.o)
 .debug_aranges