------------------------------------------------------------
Timing Analyzer Summary
------------------------------------------------------------

Type  : Slow 1100mV 85C Model Setup 'clk_vga'
Slack : -11.727
TNS   : -253.392

Type  : Slow 1100mV 85C Model Setup 'clk_dram'
Slack : -5.943
TNS   : -141.582

Type  : Slow 1100mV 85C Model Setup 'u6|sdram_pll_inst|altera_pll_i|general[0].gpll~PLL_OUTPUT_COUNTER|divclk'
Slack : 0.522
TNS   : 0.000

Type  : Slow 1100mV 85C Model Setup 'CLOCK_50'
Slack : 5.352
TNS   : 0.000

Type  : Slow 1100mV 85C Model Setup 'u6|sdram_pll_inst|altera_pll_i|general[3].gpll~PLL_OUTPUT_COUNTER|divclk'
Slack : 8.199
TNS   : 0.000

Type  : Slow 1100mV 85C Model Hold 'u6|sdram_pll_inst|altera_pll_i|general[3].gpll~PLL_OUTPUT_COUNTER|divclk'
Slack : 0.217
TNS   : 0.000

Type  : Slow 1100mV 85C Model Hold 'CLOCK_50'
Slack : 0.218
TNS   : 0.000

Type  : Slow 1100mV 85C Model Hold 'u6|sdram_pll_inst|altera_pll_i|general[0].gpll~PLL_OUTPUT_COUNTER|divclk'
Slack : 0.245
TNS   : 0.000

Type  : Slow 1100mV 85C Model Hold 'clk_vga'
Slack : 8.045
TNS   : 0.000

Type  : Slow 1100mV 85C Model Hold 'clk_dram'
Slack : 8.754
TNS   : 0.000

Type  : Slow 1100mV 85C Model Recovery 'CLOCK_50'
Slack : 0.895
TNS   : 0.000

Type  : Slow 1100mV 85C Model Recovery 'u6|sdram_pll_inst|altera_pll_i|general[0].gpll~PLL_OUTPUT_COUNTER|divclk'
Slack : 2.678
TNS   : 0.000

Type  : Slow 1100mV 85C Model Recovery 'u6|sdram_pll_inst|altera_pll_i|general[3].gpll~PLL_OUTPUT_COUNTER|divclk'
Slack : 12.081
TNS   : 0.000

Type  : Slow 1100mV 85C Model Removal 'u6|sdram_pll_inst|altera_pll_i|general[3].gpll~PLL_OUTPUT_COUNTER|divclk'
Slack : 0.781
TNS   : 0.000

Type  : Slow 1100mV 85C Model Removal 'u6|sdram_pll_inst|altera_pll_i|general[0].gpll~PLL_OUTPUT_COUNTER|divclk'
Slack : 1.100
TNS   : 0.000

Type  : Slow 1100mV 85C Model Removal 'CLOCK_50'
Slack : 1.381
TNS   : 0.000

Type  : Slow 1100mV 85C Model Minimum Pulse Width 'u6|sdram_pll_inst|altera_pll_i|general[0].gpll~FRACTIONAL_PLL|vcoph[0]'
Slack : 1.666
TNS   : 0.000

Type  : Slow 1100mV 85C Model Minimum Pulse Width 'u6|sdram_pll_inst|altera_pll_i|general[0].gpll~PLL_OUTPUT_COUNTER|divclk'
Slack : 3.766
TNS   : 0.000

Type  : Slow 1100mV 85C Model Minimum Pulse Width 'u6|sdram_pll_inst|altera_pll_i|general[1].gpll~PLL_OUTPUT_COUNTER|divclk'
Slack : 4.833
TNS   : 0.000

Type  : Slow 1100mV 85C Model Minimum Pulse Width 'CLOCK_50'
Slack : 8.865
TNS   : 0.000

Type  : Slow 1100mV 85C Model Minimum Pulse Width 'u6|sdram_pll_inst|altera_pll_i|general[3].gpll~PLL_OUTPUT_COUNTER|divclk'
Slack : 18.771
TNS   : 0.000

Type  : Slow 1100mV 0C Model Setup 'clk_vga'
Slack : -11.508
TNS   : -248.653

Type  : Slow 1100mV 0C Model Setup 'clk_dram'
Slack : -5.652
TNS   : -131.759

Type  : Slow 1100mV 0C Model Setup 'u6|sdram_pll_inst|altera_pll_i|general[0].gpll~PLL_OUTPUT_COUNTER|divclk'
Slack : 0.741
TNS   : 0.000

Type  : Slow 1100mV 0C Model Setup 'CLOCK_50'
Slack : 5.704
TNS   : 0.000

Type  : Slow 1100mV 0C Model Setup 'u6|sdram_pll_inst|altera_pll_i|general[3].gpll~PLL_OUTPUT_COUNTER|divclk'
Slack : 8.701
TNS   : 0.000

Type  : Slow 1100mV 0C Model Hold 'u6|sdram_pll_inst|altera_pll_i|general[0].gpll~PLL_OUTPUT_COUNTER|divclk'
Slack : 0.163
TNS   : 0.000

Type  : Slow 1100mV 0C Model Hold 'u6|sdram_pll_inst|altera_pll_i|general[3].gpll~PLL_OUTPUT_COUNTER|divclk'
Slack : 0.225
TNS   : 0.000

Type  : Slow 1100mV 0C Model Hold 'CLOCK_50'
Slack : 0.254
TNS   : 0.000

Type  : Slow 1100mV 0C Model Hold 'clk_vga'
Slack : 7.932
TNS   : 0.000

Type  : Slow 1100mV 0C Model Hold 'clk_dram'
Slack : 8.632
TNS   : 0.000

Type  : Slow 1100mV 0C Model Recovery 'CLOCK_50'
Slack : 1.287
TNS   : 0.000

Type  : Slow 1100mV 0C Model Recovery 'u6|sdram_pll_inst|altera_pll_i|general[0].gpll~PLL_OUTPUT_COUNTER|divclk'
Slack : 3.119
TNS   : 0.000

Type  : Slow 1100mV 0C Model Recovery 'u6|sdram_pll_inst|altera_pll_i|general[3].gpll~PLL_OUTPUT_COUNTER|divclk'
Slack : 12.512
TNS   : 0.000

Type  : Slow 1100mV 0C Model Removal 'u6|sdram_pll_inst|altera_pll_i|general[3].gpll~PLL_OUTPUT_COUNTER|divclk'
Slack : 0.535
TNS   : 0.000

Type  : Slow 1100mV 0C Model Removal 'u6|sdram_pll_inst|altera_pll_i|general[0].gpll~PLL_OUTPUT_COUNTER|divclk'
Slack : 0.891
TNS   : 0.000

Type  : Slow 1100mV 0C Model Removal 'CLOCK_50'
Slack : 1.276
TNS   : 0.000

Type  : Slow 1100mV 0C Model Minimum Pulse Width 'u6|sdram_pll_inst|altera_pll_i|general[0].gpll~FRACTIONAL_PLL|vcoph[0]'
Slack : 1.666
TNS   : 0.000

Type  : Slow 1100mV 0C Model Minimum Pulse Width 'u6|sdram_pll_inst|altera_pll_i|general[0].gpll~PLL_OUTPUT_COUNTER|divclk'
Slack : 3.749
TNS   : 0.000

Type  : Slow 1100mV 0C Model Minimum Pulse Width 'u6|sdram_pll_inst|altera_pll_i|general[1].gpll~PLL_OUTPUT_COUNTER|divclk'
Slack : 4.810
TNS   : 0.000

Type  : Slow 1100mV 0C Model Minimum Pulse Width 'CLOCK_50'
Slack : 8.899
TNS   : 0.000

Type  : Slow 1100mV 0C Model Minimum Pulse Width 'u6|sdram_pll_inst|altera_pll_i|general[3].gpll~PLL_OUTPUT_COUNTER|divclk'
Slack : 18.750
TNS   : 0.000

Type  : Fast 1100mV 85C Model Setup 'clk_vga'
Slack : -7.083
TNS   : -153.020

Type  : Fast 1100mV 85C Model Setup 'clk_dram'
Slack : -0.219
TNS   : -0.473

Type  : Fast 1100mV 85C Model Setup 'u6|sdram_pll_inst|altera_pll_i|general[0].gpll~PLL_OUTPUT_COUNTER|divclk'
Slack : 3.109
TNS   : 0.000

Type  : Fast 1100mV 85C Model Setup 'CLOCK_50'
Slack : 8.077
TNS   : 0.000

Type  : Fast 1100mV 85C Model Setup 'u6|sdram_pll_inst|altera_pll_i|general[3].gpll~PLL_OUTPUT_COUNTER|divclk'
Slack : 11.831
TNS   : 0.000

Type  : Fast 1100mV 85C Model Hold 'u6|sdram_pll_inst|altera_pll_i|general[0].gpll~PLL_OUTPUT_COUNTER|divclk'
Slack : 0.113
TNS   : 0.000

Type  : Fast 1100mV 85C Model Hold 'u6|sdram_pll_inst|altera_pll_i|general[3].gpll~PLL_OUTPUT_COUNTER|divclk'
Slack : 0.134
TNS   : 0.000

Type  : Fast 1100mV 85C Model Hold 'CLOCK_50'
Slack : 0.140
TNS   : 0.000

Type  : Fast 1100mV 85C Model Hold 'clk_vga'
Slack : 4.209
TNS   : 0.000

Type  : Fast 1100mV 85C Model Hold 'clk_dram'
Slack : 4.906
TNS   : 0.000

Type  : Fast 1100mV 85C Model Recovery 'CLOCK_50'
Slack : 3.946
TNS   : 0.000

Type  : Fast 1100mV 85C Model Recovery 'u6|sdram_pll_inst|altera_pll_i|general[0].gpll~PLL_OUTPUT_COUNTER|divclk'
Slack : 4.400
TNS   : 0.000

Type  : Fast 1100mV 85C Model Recovery 'u6|sdram_pll_inst|altera_pll_i|general[3].gpll~PLL_OUTPUT_COUNTER|divclk'
Slack : 13.979
TNS   : 0.000

Type  : Fast 1100mV 85C Model Removal 'CLOCK_50'
Slack : 0.798
TNS   : 0.000

Type  : Fast 1100mV 85C Model Removal 'u6|sdram_pll_inst|altera_pll_i|general[3].gpll~PLL_OUTPUT_COUNTER|divclk'
Slack : 0.974
TNS   : 0.000

Type  : Fast 1100mV 85C Model Removal 'u6|sdram_pll_inst|altera_pll_i|general[0].gpll~PLL_OUTPUT_COUNTER|divclk'
Slack : 1.096
TNS   : 0.000

Type  : Fast 1100mV 85C Model Minimum Pulse Width 'u6|sdram_pll_inst|altera_pll_i|general[0].gpll~FRACTIONAL_PLL|vcoph[0]'
Slack : 1.666
TNS   : 0.000

Type  : Fast 1100mV 85C Model Minimum Pulse Width 'u6|sdram_pll_inst|altera_pll_i|general[0].gpll~PLL_OUTPUT_COUNTER|divclk'
Slack : 3.885
TNS   : 0.000

Type  : Fast 1100mV 85C Model Minimum Pulse Width 'u6|sdram_pll_inst|altera_pll_i|general[1].gpll~PLL_OUTPUT_COUNTER|divclk'
Slack : 4.909
TNS   : 0.000

Type  : Fast 1100mV 85C Model Minimum Pulse Width 'CLOCK_50'
Slack : 8.475
TNS   : 0.000

Type  : Fast 1100mV 85C Model Minimum Pulse Width 'u6|sdram_pll_inst|altera_pll_i|general[3].gpll~PLL_OUTPUT_COUNTER|divclk'
Slack : 18.883
TNS   : 0.000

Type  : Fast 1100mV 0C Model Setup 'clk_vga'
Slack : -6.757
TNS   : -145.565

Type  : Fast 1100mV 0C Model Setup 'clk_dram'
Slack : 0.244
TNS   : 0.000

Type  : Fast 1100mV 0C Model Setup 'u6|sdram_pll_inst|altera_pll_i|general[0].gpll~PLL_OUTPUT_COUNTER|divclk'
Slack : 3.965
TNS   : 0.000

Type  : Fast 1100mV 0C Model Setup 'CLOCK_50'
Slack : 8.357
TNS   : 0.000

Type  : Fast 1100mV 0C Model Setup 'u6|sdram_pll_inst|altera_pll_i|general[3].gpll~PLL_OUTPUT_COUNTER|divclk'
Slack : 12.934
TNS   : 0.000

Type  : Fast 1100mV 0C Model Hold 'u6|sdram_pll_inst|altera_pll_i|general[0].gpll~PLL_OUTPUT_COUNTER|divclk'
Slack : -0.076
TNS   : -0.105

Type  : Fast 1100mV 0C Model Hold 'u6|sdram_pll_inst|altera_pll_i|general[3].gpll~PLL_OUTPUT_COUNTER|divclk'
Slack : 0.124
TNS   : 0.000

Type  : Fast 1100mV 0C Model Hold 'CLOCK_50'
Slack : 0.148
TNS   : 0.000

Type  : Fast 1100mV 0C Model Hold 'clk_vga'
Slack : 3.909
TNS   : 0.000

Type  : Fast 1100mV 0C Model Hold 'clk_dram'
Slack : 4.606
TNS   : 0.000

Type  : Fast 1100mV 0C Model Recovery 'CLOCK_50'
Slack : 4.864
TNS   : 0.000

Type  : Fast 1100mV 0C Model Recovery 'u6|sdram_pll_inst|altera_pll_i|general[0].gpll~PLL_OUTPUT_COUNTER|divclk'
Slack : 5.290
TNS   : 0.000

Type  : Fast 1100mV 0C Model Recovery 'u6|sdram_pll_inst|altera_pll_i|general[3].gpll~PLL_OUTPUT_COUNTER|divclk'
Slack : 14.907
TNS   : 0.000

Type  : Fast 1100mV 0C Model Removal 'u6|sdram_pll_inst|altera_pll_i|general[3].gpll~PLL_OUTPUT_COUNTER|divclk'
Slack : 0.642
TNS   : 0.000

Type  : Fast 1100mV 0C Model Removal 'CLOCK_50'
Slack : 0.689
TNS   : 0.000

Type  : Fast 1100mV 0C Model Removal 'u6|sdram_pll_inst|altera_pll_i|general[0].gpll~PLL_OUTPUT_COUNTER|divclk'
Slack : 0.763
TNS   : 0.000

Type  : Fast 1100mV 0C Model Minimum Pulse Width 'u6|sdram_pll_inst|altera_pll_i|general[0].gpll~FRACTIONAL_PLL|vcoph[0]'
Slack : 1.666
TNS   : 0.000

Type  : Fast 1100mV 0C Model Minimum Pulse Width 'u6|sdram_pll_inst|altera_pll_i|general[0].gpll~PLL_OUTPUT_COUNTER|divclk'
Slack : 3.883
TNS   : 0.000

Type  : Fast 1100mV 0C Model Minimum Pulse Width 'u6|sdram_pll_inst|altera_pll_i|general[1].gpll~PLL_OUTPUT_COUNTER|divclk'
Slack : 4.905
TNS   : 0.000

Type  : Fast 1100mV 0C Model Minimum Pulse Width 'CLOCK_50'
Slack : 8.430
TNS   : 0.000

Type  : Fast 1100mV 0C Model Minimum Pulse Width 'u6|sdram_pll_inst|altera_pll_i|general[3].gpll~PLL_OUTPUT_COUNTER|divclk'
Slack : 18.882
TNS   : 0.000

------------------------------------------------------------
